  Determining projects to restore...
  All projects are up-to-date for restore.
  BulkEditor.Core -> C:\Users\DiaTech\Pictures\DiaTech\Programs\Bulk_Editor\BulkEditor.Core\bin\Debug\net8.0\BulkEditor.Core.dll
  BulkEditor.Application -> C:\Users\DiaTech\Pictures\DiaTech\Programs\Bulk_Editor\BulkEditor.Application\bin\Debug\net8.0\BulkEditor.Application.dll
  BulkEditor.Infrastructure -> C:\Users\DiaTech\Pictures\DiaTech\Programs\Bulk_Editor\BulkEditor.Infrastructure\bin\Debug\net8.0\BulkEditor.Infrastructure.dll
  BulkEditor.UI -> C:\Users\DiaTech\Pictures\DiaTech\Programs\Bulk_Editor\BulkEditor.UI\bin\Debug\net8.0-windows\BulkEditor.UI.dll
C:\Users\DiaTech\Pictures\DiaTech\Programs\Bulk_Editor\BulkEditor.Tests\Infrastructure\Services\ReplacementServiceTests.cs(55,75): error CS1503: Argument 1: cannot convert from 'BulkEditor.Core.Entities.Document' to 'DocumentFormat.OpenXml.Packaging.WordprocessingDocument' [C:\Users\DiaTech\Pictures\DiaTech\Programs\Bulk_Editor\BulkEditor.Tests\BulkEditor.Tests.csproj]
C:\Users\DiaTech\Pictures\DiaTech\Programs\Bulk_Editor\BulkEditor.Tests\Infrastructure\Services\ReplacementServiceTests.cs(55,85): error CS1503: Argument 2: cannot convert from 'System.Threading.CancellationToken' to 'BulkEditor.Core.Entities.Document' [C:\Users\DiaTech\Pictures\DiaTech\Programs\Bulk_Editor\BulkEditor.Tests\BulkEditor.Tests.csproj]
C:\Users\DiaTech\Pictures\DiaTech\Programs\Bulk_Editor\BulkEditor.Tests\Infrastructure\Services\HyperlinkReplacementServiceIntegrationTests.cs(136,34): warning CS8602: Dereference of a possibly null reference. [C:\Users\DiaTech\Pictures\DiaTech\Programs\Bulk_Editor\BulkEditor.Tests\BulkEditor.Tests.csproj]
C:\Users\DiaTech\Pictures\DiaTech\Programs\Bulk_Editor\BulkEditor.Tests\Infrastructure\Services\HyperlinkReplacementServiceIntegrationTests.cs(136,26): warning CS8600: Converting null literal or possible null value to non-nullable type. [C:\Users\DiaTech\Pictures\DiaTech\Programs\Bulk_Editor\BulkEditor.Tests\BulkEditor.Tests.csproj]
C:\Users\DiaTech\Pictures\DiaTech\Programs\Bulk_Editor\BulkEditor.Tests\Infrastructure\Services\HyperlinkReplacementServiceIntegrationTests.cs(155,34): warning CS8602: Dereference of a possibly null reference. [C:\Users\DiaTech\Pictures\DiaTech\Programs\Bulk_Editor\BulkEditor.Tests\BulkEditor.Tests.csproj]
C:\Users\DiaTech\Pictures\DiaTech\Programs\Bulk_Editor\BulkEditor.Tests\Infrastructure\Services\HyperlinkReplacementServiceIntegrationTests.cs(155,26): warning CS8600: Converting null literal or possible null value to non-nullable type. [C:\Users\DiaTech\Pictures\DiaTech\Programs\Bulk_Editor\BulkEditor.Tests\BulkEditor.Tests.csproj]
C:\Users\DiaTech\Pictures\DiaTech\Programs\Bulk_Editor\BulkEditor.Tests\Infrastructure\Services\HyperlinkReplacementServiceIntegrationTests.cs(173,34): warning CS8602: Dereference of a possibly null reference. [C:\Users\DiaTech\Pictures\DiaTech\Programs\Bulk_Editor\BulkEditor.Tests\BulkEditor.Tests.csproj]
C:\Users\DiaTech\Pictures\DiaTech\Programs\Bulk_Editor\BulkEditor.Tests\Infrastructure\Services\HyperlinkReplacementServiceIntegrationTests.cs(173,26): warning CS8600: Converting null literal or possible null value to non-nullable type. [C:\Users\DiaTech\Pictures\DiaTech\Programs\Bulk_Editor\BulkEditor.Tests\BulkEditor.Tests.csproj]
C:\Users\DiaTech\Pictures\DiaTech\Programs\Bulk_Editor\BulkEditor.Tests\Infrastructure\Services\ReplacementServiceTests.cs(79,75): error CS1503: Argument 1: cannot convert from 'BulkEditor.Core.Entities.Document' to 'DocumentFormat.OpenXml.Packaging.WordprocessingDocument' [C:\Users\DiaTech\Pictures\DiaTech\Programs\Bulk_Editor\BulkEditor.Tests\BulkEditor.Tests.csproj]
C:\Users\DiaTech\Pictures\DiaTech\Programs\Bulk_Editor\BulkEditor.Tests\Infrastructure\Services\ReplacementServiceTests.cs(79,85): error CS1503: Argument 2: cannot convert from 'System.Threading.CancellationToken' to 'BulkEditor.Core.Entities.Document' [C:\Users\DiaTech\Pictures\DiaTech\Programs\Bulk_Editor\BulkEditor.Tests\BulkEditor.Tests.csproj]
C:\Users\DiaTech\Pictures\DiaTech\Programs\Bulk_Editor\BulkEditor.Tests\Infrastructure\Services\HttpServiceApiTests.cs(205,33): warning CS8602: Dereference of a possibly null reference. [C:\Users\DiaTech\Pictures\DiaTech\Programs\Bulk_Editor\BulkEditor.Tests\BulkEditor.Tests.csproj]
C:\Users\DiaTech\Pictures\DiaTech\Programs\Bulk_Editor\BulkEditor.Tests\Infrastructure\Services\HttpServiceApiTests.cs(212,33): warning CS8602: Dereference of a possibly null reference. [C:\Users\DiaTech\Pictures\DiaTech\Programs\Bulk_Editor\BulkEditor.Tests\BulkEditor.Tests.csproj]
C:\Users\DiaTech\Pictures\DiaTech\Programs\Bulk_Editor\BulkEditor.Tests\Infrastructure\Services\ReplacementServiceTests.cs(98,81): error CS1503: Argument 1: cannot convert from 'BulkEditor.Core.Entities.Document' to 'DocumentFormat.OpenXml.Packaging.WordprocessingDocument' [C:\Users\DiaTech\Pictures\DiaTech\Programs\Bulk_Editor\BulkEditor.Tests\BulkEditor.Tests.csproj]
C:\Users\DiaTech\Pictures\DiaTech\Programs\Bulk_Editor\BulkEditor.Tests\Infrastructure\Services\ReplacementServiceTests.cs(98,103): error CS1503: Argument 2: cannot convert from 'System.Collections.Generic.IEnumerable<BulkEditor.Core.Configuration.TextReplacementRule>' to 'BulkEditor.Core.Entities.Document' [C:\Users\DiaTech\Pictures\DiaTech\Programs\Bulk_Editor\BulkEditor.Tests\BulkEditor.Tests.csproj]
C:\Users\DiaTech\Pictures\DiaTech\Programs\Bulk_Editor\BulkEditor.Tests\Infrastructure\Services\ReplacementServiceTests.cs(98,149): error CS1503: Argument 3: cannot convert from 'System.Threading.CancellationToken' to 'System.Collections.Generic.IEnumerable<BulkEditor.Core.Configuration.TextReplacementRule>' [C:\Users\DiaTech\Pictures\DiaTech\Programs\Bulk_Editor\BulkEditor.Tests\BulkEditor.Tests.csproj]
C:\Users\DiaTech\Pictures\DiaTech\Programs\Bulk_Editor\BulkEditor.Tests\Infrastructure\Services\ReplacementServiceTests.cs(102,75): error CS1503: Argument 1: cannot convert from 'BulkEditor.Core.Entities.Document' to 'DocumentFormat.OpenXml.Packaging.WordprocessingDocument' [C:\Users\DiaTech\Pictures\DiaTech\Programs\Bulk_Editor\BulkEditor.Tests\BulkEditor.Tests.csproj]
C:\Users\DiaTech\Pictures\DiaTech\Programs\Bulk_Editor\BulkEditor.Tests\Infrastructure\Services\ReplacementServiceTests.cs(102,85): error CS1503: Argument 2: cannot convert from 'System.Threading.CancellationToken' to 'BulkEditor.Core.Entities.Document' [C:\Users\DiaTech\Pictures\DiaTech\Programs\Bulk_Editor\BulkEditor.Tests\BulkEditor.Tests.csproj]
C:\Users\DiaTech\Pictures\DiaTech\Programs\Bulk_Editor\BulkEditor.Tests\Infrastructure\Services\ReplacementServiceTests.cs(106,82): error CS1503: Argument 1: cannot convert from 'BulkEditor.Core.Entities.Document' to 'DocumentFormat.OpenXml.Packaging.WordprocessingDocument' [C:\Users\DiaTech\Pictures\DiaTech\Programs\Bulk_Editor\BulkEditor.Tests\BulkEditor.Tests.csproj]
C:\Users\DiaTech\Pictures\DiaTech\Programs\Bulk_Editor\BulkEditor.Tests\Infrastructure\Services\ReplacementServiceTests.cs(106,92): error CS1503: Argument 2: cannot convert from 'System.Collections.Generic.IEnumerable<BulkEditor.Core.Configuration.TextReplacementRule>' to 'BulkEditor.Core.Entities.Document' [C:\Users\DiaTech\Pictures\DiaTech\Programs\Bulk_Editor\BulkEditor.Tests\BulkEditor.Tests.csproj]
C:\Users\DiaTech\Pictures\DiaTech\Programs\Bulk_Editor\BulkEditor.Tests\Infrastructure\Services\ReplacementServiceTests.cs(106,138): error CS1503: Argument 3: cannot convert from 'System.Threading.CancellationToken' to 'System.Collections.Generic.IEnumerable<BulkEditor.Core.Configuration.TextReplacementRule>' [C:\Users\DiaTech\Pictures\DiaTech\Programs\Bulk_Editor\BulkEditor.Tests\BulkEditor.Tests.csproj]
C:\Users\DiaTech\Pictures\DiaTech\Programs\Bulk_Editor\BulkEditor.Tests\Infrastructure\Services\DocumentProcessorHyperlinkTests.cs(224,26): warning CS8602: Dereference of a possibly null reference. [C:\Users\DiaTech\Pictures\DiaTech\Programs\Bulk_Editor\BulkEditor.Tests\BulkEditor.Tests.csproj]
C:\Users\DiaTech\Pictures\DiaTech\Programs\Bulk_Editor\BulkEditor.Tests\Infrastructure\Services\DocumentProcessorHyperlinkTests.cs(224,20): warning CS8605: Unboxing a possibly null value. [C:\Users\DiaTech\Pictures\DiaTech\Programs\Bulk_Editor\BulkEditor.Tests\BulkEditor.Tests.csproj]
C:\Users\DiaTech\Pictures\DiaTech\Programs\Bulk_Editor\BulkEditor.Tests\Infrastructure\Services\DocumentProcessorHyperlinkTests.cs(235,28): warning CS8602: Dereference of a possibly null reference. [C:\Users\DiaTech\Pictures\DiaTech\Programs\Bulk_Editor\BulkEditor.Tests\BulkEditor.Tests.csproj]
C:\Users\DiaTech\Pictures\DiaTech\Programs\Bulk_Editor\BulkEditor.Tests\Infrastructure\Services\DocumentProcessorHyperlinkTests.cs(235,20): warning CS8600: Converting null literal or possible null value to non-nullable type. [C:\Users\DiaTech\Pictures\DiaTech\Programs\Bulk_Editor\BulkEditor.Tests\BulkEditor.Tests.csproj]
C:\Users\DiaTech\Pictures\DiaTech\Programs\Bulk_Editor\BulkEditor.Tests\Infrastructure\Services\DocumentProcessorHyperlinkTests.cs(235,20): warning CS8603: Possible null reference return. [C:\Users\DiaTech\Pictures\DiaTech\Programs\Bulk_Editor\BulkEditor.Tests\BulkEditor.Tests.csproj]
C:\Users\DiaTech\Pictures\DiaTech\Programs\Bulk_Editor\BulkEditor.Tests\Infrastructure\Services\HyperlinkReplacementServiceIntegrationTests.cs(224,32): warning CS8602: Dereference of a possibly null reference. [C:\Users\DiaTech\Pictures\DiaTech\Programs\Bulk_Editor\BulkEditor.Tests\BulkEditor.Tests.csproj]
C:\Users\DiaTech\Pictures\DiaTech\Programs\Bulk_Editor\BulkEditor.Tests\Infrastructure\Services\HyperlinkReplacementServiceIntegrationTests.cs(224,26): warning CS8605: Unboxing a possibly null value. [C:\Users\DiaTech\Pictures\DiaTech\Programs\Bulk_Editor\BulkEditor.Tests\BulkEditor.Tests.csproj]
C:\Users\DiaTech\Pictures\DiaTech\Programs\Bulk_Editor\BulkEditor.Tests\Infrastructure\Services\HyperlinkReplacementServiceIntegrationTests.cs(241,40): warning CS8602: Dereference of a possibly null reference. [C:\Users\DiaTech\Pictures\DiaTech\Programs\Bulk_Editor\BulkEditor.Tests\BulkEditor.Tests.csproj]
C:\Users\DiaTech\Pictures\DiaTech\Programs\Bulk_Editor\BulkEditor.Tests\Infrastructure\Services\HyperlinkReplacementServiceIntegrationTests.cs(241,26): warning CS8600: Converting null literal or possible null value to non-nullable type. [C:\Users\DiaTech\Pictures\DiaTech\Programs\Bulk_Editor\BulkEditor.Tests\BulkEditor.Tests.csproj]
C:\Users\DiaTech\Pictures\DiaTech\Programs\Bulk_Editor\BulkEditor.Tests\Infrastructure\Services\HyperlinkReplacementServiceIntegrationTests.cs(242,38): warning CS8602: Dereference of a possibly null reference. [C:\Users\DiaTech\Pictures\DiaTech\Programs\Bulk_Editor\BulkEditor.Tests\BulkEditor.Tests.csproj]
C:\Users\DiaTech\Pictures\DiaTech\Programs\Bulk_Editor\BulkEditor.Tests\Infrastructure\Services\HyperlinkReplacementServiceIntegrationTests.cs(296,34): warning CS8602: Dereference of a possibly null reference. [C:\Users\DiaTech\Pictures\DiaTech\Programs\Bulk_Editor\BulkEditor.Tests\BulkEditor.Tests.csproj]
C:\Users\DiaTech\Pictures\DiaTech\Programs\Bulk_Editor\BulkEditor.Tests\Infrastructure\Services\HyperlinkReplacementServiceIntegrationTests.cs(296,26): warning CS8600: Converting null literal or possible null value to non-nullable type. [C:\Users\DiaTech\Pictures\DiaTech\Programs\Bulk_Editor\BulkEditor.Tests\BulkEditor.Tests.csproj]
C:\Users\DiaTech\Pictures\DiaTech\Programs\Bulk_Editor\BulkEditor.Tests\Infrastructure\Services\HyperlinkReplacementServiceIntegrationTests.cs(318,38): warning CS8602: Dereference of a possibly null reference. [C:\Users\DiaTech\Pictures\DiaTech\Programs\Bulk_Editor\BulkEditor.Tests\BulkEditor.Tests.csproj]
C:\Users\DiaTech\Pictures\DiaTech\Programs\Bulk_Editor\BulkEditor.Tests\Infrastructure\Services\HyperlinkReplacementServiceIntegrationTests.cs(318,32): warning CS8605: Unboxing a possibly null value. [C:\Users\DiaTech\Pictures\DiaTech\Programs\Bulk_Editor\BulkEditor.Tests\BulkEditor.Tests.csproj]
C:\Users\DiaTech\Pictures\DiaTech\Programs\Bulk_Editor\BulkEditor.Tests\Infrastructure\Services\HyperlinkReplacementServiceIntegrationTests.cs(319,30): warning CS8605: Unboxing a possibly null value. [C:\Users\DiaTech\Pictures\DiaTech\Programs\Bulk_Editor\BulkEditor.Tests\BulkEditor.Tests.csproj]
C:\Users\DiaTech\Pictures\DiaTech\Programs\Bulk_Editor\BulkEditor.Tests\Infrastructure\Services\HyperlinkReplacementServiceIntegrationTests.cs(339,34): warning CS8602: Dereference of a possibly null reference. [C:\Users\DiaTech\Pictures\DiaTech\Programs\Bulk_Editor\BulkEditor.Tests\BulkEditor.Tests.csproj]
C:\Users\DiaTech\Pictures\DiaTech\Programs\Bulk_Editor\BulkEditor.Tests\Infrastructure\Services\HyperlinkReplacementServiceIntegrationTests.cs(339,26): warning CS8600: Converting null literal or possible null value to non-nullable type. [C:\Users\DiaTech\Pictures\DiaTech\Programs\Bulk_Editor\BulkEditor.Tests\BulkEditor.Tests.csproj]
C:\Users\DiaTech\Pictures\DiaTech\Programs\Bulk_Editor\BulkEditor.Tests\Infrastructure\Services\HyperlinkReplacementServiceIntegrationTests.cs(352,27): warning CS1998: This async method lacks 'await' operators and will run synchronously. Consider using the 'await' operator to await non-blocking API calls, or 'await Task.Run(...)' to do CPU-bound work on a background thread. [C:\Users\DiaTech\Pictures\DiaTech\Programs\Bulk_Editor\BulkEditor.Tests\BulkEditor.Tests.csproj]
C:\Users\DiaTech\Pictures\DiaTech\Programs\Bulk_Editor\BulkEditor.Tests\Infrastructure\Services\HyperlinkReplacementServiceIntegrationTests.cs(125,41): error xUnit1011: There is no matching method parameter for value: "6-digit Content ID should remain unchanged". Remove unused value(s), or add more parameter(s). (https://xunit.net/xunit.analyzers/rules/xUnit1011) [C:\Users\DiaTech\Pictures\DiaTech\Programs\Bulk_Editor\BulkEditor.Tests\BulkEditor.Tests.csproj]
C:\Users\DiaTech\Pictures\DiaTech\Programs\Bulk_Editor\BulkEditor.Tests\Infrastructure\Services\HyperlinkReplacementServiceIntegrationTests.cs(126,40): error xUnit1011: There is no matching method parameter for value: "5-digit Content ID should be padded with leading zero". Remove unused value(s), or add more parameter(s). (https://xunit.net/xunit.analyzers/rules/xUnit1011) [C:\Users\DiaTech\Pictures\DiaTech\Programs\Bulk_Editor\BulkEditor.Tests\BulkEditor.Tests.csproj]
C:\Users\DiaTech\Pictures\DiaTech\Programs\Bulk_Editor\BulkEditor.Tests\Infrastructure\Services\HyperlinkReplacementServiceIntegrationTests.cs(127,51): error xUnit1011: There is no matching method parameter for value: "Should extract 6-digit from lookup ID". Remove unused value(s), or add more parameter(s). (https://xunit.net/xunit.analyzers/rules/xUnit1011) [C:\Users\DiaTech\Pictures\DiaTech\Programs\Bulk_Editor\BulkEditor.Tests\BulkEditor.Tests.csproj]
C:\Users\DiaTech\Pictures\DiaTech\Programs\Bulk_Editor\BulkEditor.Tests\Infrastructure\Services\HyperlinkReplacementServiceIntegrationTests.cs(128,50): error xUnit1011: There is no matching method parameter for value: "Should extract 6-digit from CMS lookup ID". Remove unused value(s), or add more parameter(s). (https://xunit.net/xunit.analyzers/rules/xUnit1011) [C:\Users\DiaTech\Pictures\DiaTech\Programs\Bulk_Editor\BulkEditor.Tests\BulkEditor.Tests.csproj]
C:\Users\DiaTech\Pictures\DiaTech\Programs\Bulk_Editor\BulkEditor.Tests\Infrastructure\Services\HyperlinkReplacementServiceIntegrationTests.cs(143,54): error xUnit1011: There is no matching method parameter for value: "Should remove HTML tags". Remove unused value(s), or add more parameter(s). (https://xunit.net/xunit.analyzers/rules/xUnit1011) [C:\Users\DiaTech\Pictures\DiaTech\Programs\Bulk_Editor\BulkEditor.Tests\BulkEditor.Tests.csproj]
C:\Users\DiaTech\Pictures\DiaTech\Programs\Bulk_Editor\BulkEditor.Tests\Infrastructure\Services\HyperlinkReplacementServiceIntegrationTests.cs(144,49): error xUnit1011: There is no matching method parameter for value: "Should decode HTML entities". Remove unused value(s), or add more parameter(s). (https://xunit.net/xunit.analyzers/rules/xUnit1011) [C:\Users\DiaTech\Pictures\DiaTech\Programs\Bulk_Editor\BulkEditor.Tests\BulkEditor.Tests.csproj]
C:\Users\DiaTech\Pictures\DiaTech\Programs\Bulk_Editor\BulkEditor.Tests\Infrastructure\Services\HyperlinkReplacementServiceIntegrationTests.cs(145,53): error xUnit1011: There is no matching method parameter for value: "Should decode angle bracket entities". Remove unused value(s), or add more parameter(s). (https://xunit.net/xunit.analyzers/rules/xUnit1011) [C:\Users\DiaTech\Pictures\DiaTech\Programs\Bulk_Editor\BulkEditor.Tests\BulkEditor.Tests.csproj]
C:\Users\DiaTech\Pictures\DiaTech\Programs\Bulk_Editor\BulkEditor.Tests\Infrastructure\Services\HyperlinkReplacementServiceIntegrationTests.cs(146,55): error xUnit1011: There is no matching method parameter for value: "Should remove quotes after decoding". Remove unused value(s), or add more parameter(s). (https://xunit.net/xunit.analyzers/rules/xUnit1011) [C:\Users\DiaTech\Pictures\DiaTech\Programs\Bulk_Editor\BulkEditor.Tests\BulkEditor.Tests.csproj]
C:\Users\DiaTech\Pictures\DiaTech\Programs\Bulk_Editor\BulkEditor.Tests\Infrastructure\Services\HyperlinkReplacementServiceIntegrationTests.cs(147,55): error xUnit1011: There is no matching method parameter for value: "Should leave clean IDs unchanged". Remove unused value(s), or add more parameter(s). (https://xunit.net/xunit.analyzers/rules/xUnit1011) [C:\Users\DiaTech\Pictures\DiaTech\Programs\Bulk_Editor\BulkEditor.Tests\BulkEditor.Tests.csproj]
C:\Users\DiaTech\Pictures\DiaTech\Programs\Bulk_Editor\BulkEditor.Tests\Infrastructure\Services\HyperlinkReplacementServiceIntegrationTests.cs(162,51): error xUnit1011: There is no matching method parameter for value: "Should extract 6-digit from TSRC". Remove unused value(s), or add more parameter(s). (https://xunit.net/xunit.analyzers/rules/xUnit1011) [C:\Users\DiaTech\Pictures\DiaTech\Programs\Bulk_Editor\BulkEditor.Tests\BulkEditor.Tests.csproj]
C:\Users\DiaTech\Pictures\DiaTech\Programs\Bulk_Editor\BulkEditor.Tests\Infrastructure\Services\HyperlinkReplacementServiceIntegrationTests.cs(163,50): error xUnit1011: There is no matching method parameter for value: "Should extract 6-digit from CMS". Remove unused value(s), or add more parameter(s). (https://xunit.net/xunit.analyzers/rules/xUnit1011) [C:\Users\DiaTech\Pictures\DiaTech\Programs\Bulk_Editor\BulkEditor.Tests\BulkEditor.Tests.csproj]
C:\Users\DiaTech\Pictures\DiaTech\Programs\Bulk_Editor\BulkEditor.Tests\Infrastructure\Services\HyperlinkReplacementServiceIntegrationTests.cs(164,59): error xUnit1011: There is no matching method parameter for value: "Should handle long middle parts". Remove unused value(s), or add more parameter(s). (https://xunit.net/xunit.analyzers/rules/xUnit1011) [C:\Users\DiaTech\Pictures\DiaTech\Programs\Bulk_Editor\BulkEditor.Tests\BulkEditor.Tests.csproj]
C:\Users\DiaTech\Pictures\DiaTech\Programs\Bulk_Editor\BulkEditor.Tests\Infrastructure\Services\HyperlinkReplacementServiceIntegrationTests.cs(165,57): error xUnit1011: There is no matching method parameter for value: "Should return original for invalid format". Remove unused value(s), or add more parameter(s). (https://xunit.net/xunit.analyzers/rules/xUnit1011) [C:\Users\DiaTech\Pictures\DiaTech\Programs\Bulk_Editor\BulkEditor.Tests\BulkEditor.Tests.csproj]
C:\Users\DiaTech\Pictures\DiaTech\Programs\Bulk_Editor\BulkEditor.Tests\Infrastructure\Services\DocumentProcessorHyperlinkTests.cs(61,78): error xUnit1011: There is no matching method parameter for value: "Should validate TSRC with exact pattern". Remove unused value(s), or add more parameter(s). (https://xunit.net/xunit.analyzers/rules/xUnit1011) [C:\Users\DiaTech\Pictures\DiaTech\Programs\Bulk_Editor\BulkEditor.Tests\BulkEditor.Tests.csproj]
C:\Users\DiaTech\Pictures\DiaTech\Programs\Bulk_Editor\BulkEditor.Tests\Infrastructure\Services\DocumentProcessorHyperlinkTests.cs(62,77): error xUnit1011: There is no matching method parameter for value: "Should validate CMS with exact pattern". Remove unused value(s), or add more parameter(s). (https://xunit.net/xunit.analyzers/rules/xUnit1011) [C:\Users\DiaTech\Pictures\DiaTech\Programs\Bulk_Editor\BulkEditor.Tests\BulkEditor.Tests.csproj]
C:\Users\DiaTech\Pictures\DiaTech\Programs\Bulk_Editor\BulkEditor.Tests\Infrastructure\Services\DocumentProcessorHyperlinkTests.cs(63,78): error xUnit1011: There is no matching method parameter for value: "Should validate TSRC-TEST format". Remove unused value(s), or add more parameter(s). (https://xunit.net/xunit.analyzers/rules/xUnit1011) [C:\Users\DiaTech\Pictures\DiaTech\Programs\Bulk_Editor\BulkEditor.Tests\BulkEditor.Tests.csproj]
C:\Users\DiaTech\Pictures\DiaTech\Programs\Bulk_Editor\BulkEditor.Tests\Infrastructure\Services\DocumentProcessorHyperlinkTests.cs(64,76): error xUnit1011: There is no matching method parameter for value: "Should validate CMS-DEV format". Remove unused value(s), or add more parameter(s). (https://xunit.net/xunit.analyzers/rules/xUnit1011) [C:\Users\DiaTech\Pictures\DiaTech\Programs\Bulk_Editor\BulkEditor.Tests\BulkEditor.Tests.csproj]
C:\Users\DiaTech\Pictures\DiaTech\Programs\Bulk_Editor\BulkEditor.Tests\Infrastructure\Services\DocumentProcessorHyperlinkTests.cs(65,107): error xUnit1011: There is no matching method parameter for value: "Should validate docid parameter". Remove unused value(s), or add more parameter(s). (https://xunit.net/xunit.analyzers/rules/xUnit1011) [C:\Users\DiaTech\Pictures\DiaTech\Programs\Bulk_Editor\BulkEditor.Tests\BulkEditor.Tests.csproj]
C:\Users\DiaTech\Pictures\DiaTech\Programs\Bulk_Editor\BulkEditor.Tests\Infrastructure\Services\DocumentProcessorHyperlinkTests.cs(66,72): error xUnit1011: There is no matching method parameter for value: "Should validate TSRC in URL path". Remove unused value(s), or add more parameter(s). (https://xunit.net/xunit.analyzers/rules/xUnit1011) [C:\Users\DiaTech\Pictures\DiaTech\Programs\Bulk_Editor\BulkEditor.Tests\BulkEditor.Tests.csproj]
C:\Users\DiaTech\Pictures\DiaTech\Programs\Bulk_Editor\BulkEditor.Tests\Infrastructure\Services\DocumentProcessorHyperlinkTests.cs(67,71): error xUnit1011: There is no matching method parameter for value: "Should validate CMS in URL path". Remove unused value(s), or add more parameter(s). (https://xunit.net/xunit.analyzers/rules/xUnit1011) [C:\Users\DiaTech\Pictures\DiaTech\Programs\Bulk_Editor\BulkEditor.Tests\BulkEditor.Tests.csproj]
C:\Users\DiaTech\Pictures\DiaTech\Programs\Bulk_Editor\BulkEditor.Tests\Infrastructure\Services\DocumentProcessorHyperlinkTests.cs(108,61): error xUnit1011: There is no matching method parameter for value: "Should extract exact TSRC pattern". Remove unused value(s), or add more parameter(s). (https://xunit.net/xunit.analyzers/rules/xUnit1011) [C:\Users\DiaTech\Pictures\DiaTech\Programs\Bulk_Editor\BulkEditor.Tests\BulkEditor.Tests.csproj]
C:\Users\DiaTech\Pictures\DiaTech\Programs\Bulk_Editor\BulkEditor.Tests\Infrastructure\Services\DocumentProcessorHyperlinkTests.cs(109,59): error xUnit1011: There is no matching method parameter for value: "Should extract exact CMS pattern". Remove unused value(s), or add more parameter(s). (https://xunit.net/xunit.analyzers/rules/xUnit1011) [C:\Users\DiaTech\Pictures\DiaTech\Programs\Bulk_Editor\BulkEditor.Tests\BulkEditor.Tests.csproj]
C:\Users\DiaTech\Pictures\DiaTech\Programs\Bulk_Editor\BulkEditor.Tests\Infrastructure\Services\DocumentProcessorHyperlinkTests.cs(110,61): error xUnit1011: There is no matching method parameter for value: "Should extract and uppercase TSRC". Remove unused value(s), or add more parameter(s). (https://xunit.net/xunit.analyzers/rules/xUnit1011) [C:\Users\DiaTech\Pictures\DiaTech\Programs\Bulk_Editor\BulkEditor.Tests\BulkEditor.Tests.csproj]
C:\Users\DiaTech\Pictures\DiaTech\Programs\Bulk_Editor\BulkEditor.Tests\Infrastructure\Services\DocumentProcessorHyperlinkTests.cs(111,57): error xUnit1011: There is no matching method parameter for value: "Should extract and uppercase CMS". Remove unused value(s), or add more parameter(s). (https://xunit.net/xunit.analyzers/rules/xUnit1011) [C:\Users\DiaTech\Pictures\DiaTech\Programs\Bulk_Editor\BulkEditor.Tests\BulkEditor.Tests.csproj]
C:\Users\DiaTech\Pictures\DiaTech\Programs\Bulk_Editor\BulkEditor.Tests\Infrastructure\Services\DocumentProcessorHyperlinkTests.cs(112,68): error xUnit1011: There is no matching method parameter for value: "Should extract TSRC from longer string". Remove unused value(s), or add more parameter(s). (https://xunit.net/xunit.analyzers/rules/xUnit1011) [C:\Users\DiaTech\Pictures\DiaTech\Programs\Bulk_Editor\BulkEditor.Tests\BulkEditor.Tests.csproj]
C:\Users\DiaTech\Pictures\DiaTech\Programs\Bulk_Editor\BulkEditor.Tests\Infrastructure\Services\DocumentProcessorHyperlinkTests.cs(113,73): error xUnit1011: There is no matching method parameter for value: "Should extract CMS from longer string". Remove unused value(s), or add more parameter(s). (https://xunit.net/xunit.analyzers/rules/xUnit1011) [C:\Users\DiaTech\Pictures\DiaTech\Programs\Bulk_Editor\BulkEditor.Tests\BulkEditor.Tests.csproj]
C:\Users\DiaTech\Pictures\DiaTech\Programs\Bulk_Editor\BulkEditor.Tests\Infrastructure\Services\DocumentProcessorHyperlinkTests.cs(114,86): error xUnit1011: There is no matching method parameter for value: "Should extract TSRC from URL". Remove unused value(s), or add more parameter(s). (https://xunit.net/xunit.analyzers/rules/xUnit1011) [C:\Users\DiaTech\Pictures\DiaTech\Programs\Bulk_Editor\BulkEditor.Tests\BulkEditor.Tests.csproj]
C:\Users\DiaTech\Pictures\DiaTech\Programs\Bulk_Editor\BulkEditor.Tests\Infrastructure\Services\DocumentProcessorHyperlinkTests.cs(115,99): error xUnit1011: There is no matching method parameter for value: "Should extract CMS from query params". Remove unused value(s), or add more parameter(s). (https://xunit.net/xunit.analyzers/rules/xUnit1011) [C:\Users\DiaTech\Pictures\DiaTech\Programs\Bulk_Editor\BulkEditor.Tests\BulkEditor.Tests.csproj]
C:\Users\DiaTech\Pictures\DiaTech\Programs\Bulk_Editor\BulkEditor.Tests\Infrastructure\Services\DocumentProcessorHyperlinkTests.cs(117,101): error xUnit1011: There is no matching method parameter for value: "Should extract TSRC with very long middle part". Remove unused value(s), or add more parameter(s). (https://xunit.net/xunit.analyzers/rules/xUnit1011) [C:\Users\DiaTech\Pictures\DiaTech\Programs\Bulk_Editor\BulkEditor.Tests\BulkEditor.Tests.csproj]
C:\Users\DiaTech\Pictures\DiaTech\Programs\Bulk_Editor\BulkEditor.Tests\Infrastructure\Services\DocumentProcessorHyperlinkTests.cs(118,63): error xUnit1011: There is no matching method parameter for value: "Should extract TSRC-PROD1 pattern". Remove unused value(s), or add more parameter(s). (https://xunit.net/xunit.analyzers/rules/xUnit1011) [C:\Users\DiaTech\Pictures\DiaTech\Programs\Bulk_Editor\BulkEditor.Tests\BulkEditor.Tests.csproj]
C:\Users\DiaTech\Pictures\DiaTech\Programs\Bulk_Editor\BulkEditor.Tests\Infrastructure\Services\DocumentProcessorHyperlinkTests.cs(119,55): error xUnit1011: There is no matching method parameter for value: "Should extract CMS-21 pattern". Remove unused value(s), or add more parameter(s). (https://xunit.net/xunit.analyzers/rules/xUnit1011) [C:\Users\DiaTech\Pictures\DiaTech\Programs\Bulk_Editor\BulkEditor.Tests\BulkEditor.Tests.csproj]
C:\Users\DiaTech\Pictures\DiaTech\Programs\Bulk_Editor\BulkEditor.Tests\Infrastructure\Services\DocumentProcessorHyperlinkTests.cs(120,126): error xUnit1011: There is no matching method parameter for value: "Should extract TSRC with long middle from URL". Remove unused value(s), or add more parameter(s). (https://xunit.net/xunit.analyzers/rules/xUnit1011) [C:\Users\DiaTech\Pictures\DiaTech\Programs\Bulk_Editor\BulkEditor.Tests\BulkEditor.Tests.csproj]
C:\Users\DiaTech\Pictures\DiaTech\Programs\Bulk_Editor\BulkEditor.Tests\Infrastructure\Services\DocumentProcessorHyperlinkTests.cs(121,80): error xUnit1011: There is no matching method parameter for value: "Should extract CMS-21 from URL". Remove unused value(s), or add more parameter(s). (https://xunit.net/xunit.analyzers/rules/xUnit1011) [C:\Users\DiaTech\Pictures\DiaTech\Programs\Bulk_Editor\BulkEditor.Tests\BulkEditor.Tests.csproj]
C:\Users\DiaTech\Pictures\DiaTech\Programs\Bulk_Editor\BulkEditor.Tests\Infrastructure\Services\DocumentProcessorHyperlinkTests.cs(132,88): error xUnit1011: There is no matching method parameter for value: "Should extract docid parameter". Remove unused value(s), or add more parameter(s). (https://xunit.net/xunit.analyzers/rules/xUnit1011) [C:\Users\DiaTech\Pictures\DiaTech\Programs\Bulk_Editor\BulkEditor.Tests\BulkEditor.Tests.csproj]
C:\Users\DiaTech\Pictures\DiaTech\Programs\Bulk_Editor\BulkEditor.Tests\Infrastructure\Services\DocumentProcessorHyperlinkTests.cs(133,104): error xUnit1011: There is no matching method parameter for value: "Should extract docid with other params". Remove unused value(s), or add more parameter(s). (https://xunit.net/xunit.analyzers/rules/xUnit1011) [C:\Users\DiaTech\Pictures\DiaTech\Programs\Bulk_Editor\BulkEditor.Tests\BulkEditor.Tests.csproj]
C:\Users\DiaTech\Pictures\DiaTech\Programs\Bulk_Editor\BulkEditor.Tests\Infrastructure\Services\DocumentProcessorHyperlinkTests.cs(134,72): error xUnit1011: There is no matching method parameter for value: "Should extract numeric docid". Remove unused value(s), or add more parameter(s). (https://xunit.net/xunit.analyzers/rules/xUnit1011) [C:\Users\DiaTech\Pictures\DiaTech\Programs\Bulk_Editor\BulkEditor.Tests\BulkEditor.Tests.csproj]
C:\Users\DiaTech\Pictures\DiaTech\Programs\Bulk_Editor\BulkEditor.Tests\Infrastructure\Services\DocumentProcessorHyperlinkTests.cs(135,88): error xUnit1011: There is no matching method parameter for value: "Should extract docid when not first param". Remove unused value(s), or add more parameter(s). (https://xunit.net/xunit.analyzers/rules/xUnit1011) [C:\Users\DiaTech\Pictures\DiaTech\Programs\Bulk_Editor\BulkEditor.Tests\BulkEditor.Tests.csproj]
C:\Users\DiaTech\Pictures\DiaTech\Programs\Bulk_Editor\BulkEditor.Tests\Infrastructure\Services\DocumentProcessorHyperlinkTests.cs(82,62): error xUnit1011: There is no matching method parameter for value: "Should NOT validate TSRC without proper separators". Remove unused value(s), or add more parameter(s). (https://xunit.net/xunit.analyzers/rules/xUnit1011) [C:\Users\DiaTech\Pictures\DiaTech\Programs\Bulk_Editor\BulkEditor.Tests\BulkEditor.Tests.csproj]
C:\Users\DiaTech\Pictures\DiaTech\Programs\Bulk_Editor\BulkEditor.Tests\Infrastructure\Services\DocumentProcessorHyperlinkTests.cs(83,61): error xUnit1011: There is no matching method parameter for value: "Should NOT validate CMS without proper separators". Remove unused value(s), or add more parameter(s). (https://xunit.net/xunit.analyzers/rules/xUnit1011) [C:\Users\DiaTech\Pictures\DiaTech\Programs\Bulk_Editor\BulkEditor.Tests\BulkEditor.Tests.csproj]
C:\Users\DiaTech\Pictures\DiaTech\Programs\Bulk_Editor\BulkEditor.Tests\Infrastructure\Services\DocumentProcessorHyperlinkTests.cs(84,57): error xUnit1011: There is no matching method parameter for value: "Should NOT validate incomplete TSRC pattern". Remove unused value(s), or add more parameter(s). (https://xunit.net/xunit.analyzers/rules/xUnit1011) [C:\Users\DiaTech\Pictures\DiaTech\Programs\Bulk_Editor\BulkEditor.Tests\BulkEditor.Tests.csproj]
C:\Users\DiaTech\Pictures\DiaTech\Programs\Bulk_Editor\BulkEditor.Tests\Infrastructure\Services\DocumentProcessorHyperlinkTests.cs(85,56): error xUnit1011: There is no matching method parameter for value: "Should NOT validate incomplete CMS pattern". Remove unused value(s), or add more parameter(s). (https://xunit.net/xunit.analyzers/rules/xUnit1011) [C:\Users\DiaTech\Pictures\DiaTech\Programs\Bulk_Editor\BulkEditor.Tests\BulkEditor.Tests.csproj]
C:\Users\DiaTech\Pictures\DiaTech\Programs\Bulk_Editor\BulkEditor.Tests\Infrastructure\Services\DocumentProcessorHyperlinkTests.cs(86,67): error xUnit1011: There is no matching method parameter for value: "Should NOT validate TSRC with 5 digits instead of 6". Remove unused value(s), or add more parameter(s). (https://xunit.net/xunit.analyzers/rules/xUnit1011) [C:\Users\DiaTech\Pictures\DiaTech\Programs\Bulk_Editor\BulkEditor.Tests\BulkEditor.Tests.csproj]
C:\Users\DiaTech\Pictures\DiaTech\Programs\Bulk_Editor\BulkEditor.Tests\Infrastructure\Services\DocumentProcessorHyperlinkTests.cs(87,68): error xUnit1011: There is no matching method parameter for value: "Should NOT validate CMS with 7 digits instead of 6". Remove unused value(s), or add more parameter(s). (https://xunit.net/xunit.analyzers/rules/xUnit1011) [C:\Users\DiaTech\Pictures\DiaTech\Programs\Bulk_Editor\BulkEditor.Tests\BulkEditor.Tests.csproj]
C:\Users\DiaTech\Pictures\DiaTech\Programs\Bulk_Editor\BulkEditor.Tests\Infrastructure\Services\DocumentProcessorHyperlinkTests.cs(88,69): error xUnit1011: There is no matching method parameter for value: "Should NOT validate TSRC with extra characters". Remove unused value(s), or add more parameter(s). (https://xunit.net/xunit.analyzers/rules/xUnit1011) [C:\Users\DiaTech\Pictures\DiaTech\Programs\Bulk_Editor\BulkEditor.Tests\BulkEditor.Tests.csproj]
C:\Users\DiaTech\Pictures\DiaTech\Programs\Bulk_Editor\BulkEditor.Tests\Infrastructure\Services\DocumentProcessorHyperlinkTests.cs(89,68): error xUnit1011: There is no matching method parameter for value: "Should NOT validate CMS with extra characters". Remove unused value(s), or add more parameter(s). (https://xunit.net/xunit.analyzers/rules/xUnit1011) [C:\Users\DiaTech\Pictures\DiaTech\Programs\Bulk_Editor\BulkEditor.Tests\BulkEditor.Tests.csproj]
C:\Users\DiaTech\Pictures\DiaTech\Programs\Bulk_Editor\BulkEditor.Tests\Infrastructure\Services\DocumentProcessorHyperlinkTests.cs(90,66): error xUnit1011: There is no matching method parameter for value: "Should NOT validate loose TSRC text". Remove unused value(s), or add more parameter(s). (https://xunit.net/xunit.analyzers/rules/xUnit1011) [C:\Users\DiaTech\Pictures\DiaTech\Programs\Bulk_Editor\BulkEditor.Tests\BulkEditor.Tests.csproj]
C:\Users\DiaTech\Pictures\DiaTech\Programs\Bulk_Editor\BulkEditor.Tests\Infrastructure\Services\DocumentProcessorHyperlinkTests.cs(91,65): error xUnit1011: There is no matching method parameter for value: "Should NOT validate loose CMS text". Remove unused value(s), or add more parameter(s). (https://xunit.net/xunit.analyzers/rules/xUnit1011) [C:\Users\DiaTech\Pictures\DiaTech\Programs\Bulk_Editor\BulkEditor.Tests\BulkEditor.Tests.csproj]
C:\Users\DiaTech\Pictures\DiaTech\Programs\Bulk_Editor\BulkEditor.Tests\Infrastructure\Services\DocumentProcessorHyperlinkTests.cs(92,54): error xUnit1011: There is no matching method parameter for value: "Should NOT validate random URLs". Remove unused value(s), or add more parameter(s). (https://xunit.net/xunit.analyzers/rules/xUnit1011) [C:\Users\DiaTech\Pictures\DiaTech\Programs\Bulk_Editor\BulkEditor.Tests\BulkEditor.Tests.csproj]
C:\Users\DiaTech\Pictures\DiaTech\Programs\Bulk_Editor\BulkEditor.Tests\Infrastructure\Services\DocumentProcessorHyperlinkTests.cs(93,32): error xUnit1011: There is no matching method parameter for value: "Should NOT validate empty URLs". Remove unused value(s), or add more parameter(s). (https://xunit.net/xunit.analyzers/rules/xUnit1011) [C:\Users\DiaTech\Pictures\DiaTech\Programs\Bulk_Editor\BulkEditor.Tests\BulkEditor.Tests.csproj]
C:\Users\DiaTech\Pictures\DiaTech\Programs\Bulk_Editor\BulkEditor.Tests\Infrastructure\Services\DocumentProcessorHyperlinkTests.cs(146,39): error xUnit1011: There is no matching method parameter for value: "Should NOT extract TSRC without separators". Remove unused value(s), or add more parameter(s). (https://xunit.net/xunit.analyzers/rules/xUnit1011) [C:\Users\DiaTech\Pictures\DiaTech\Programs\Bulk_Editor\BulkEditor.Tests\BulkEditor.Tests.csproj]
C:\Users\DiaTech\Pictures\DiaTech\Programs\Bulk_Editor\BulkEditor.Tests\Infrastructure\Services\DocumentProcessorHyperlinkTests.cs(147,38): error xUnit1011: There is no matching method parameter for value: "Should NOT extract CMS without separators". Remove unused value(s), or add more parameter(s). (https://xunit.net/xunit.analyzers/rules/xUnit1011) [C:\Users\DiaTech\Pictures\DiaTech\Programs\Bulk_Editor\BulkEditor.Tests\BulkEditor.Tests.csproj]
C:\Users\DiaTech\Pictures\DiaTech\Programs\Bulk_Editor\BulkEditor.Tests\Infrastructure\Services\DocumentProcessorHyperlinkTests.cs(148,34): error xUnit1011: There is no matching method parameter for value: "Should NOT extract incomplete TSRC". Remove unused value(s), or add more parameter(s). (https://xunit.net/xunit.analyzers/rules/xUnit1011) [C:\Users\DiaTech\Pictures\DiaTech\Programs\Bulk_Editor\BulkEditor.Tests\BulkEditor.Tests.csproj]
C:\Users\DiaTech\Pictures\DiaTech\Programs\Bulk_Editor\BulkEditor.Tests\Infrastructure\Services\DocumentProcessorHyperlinkTests.cs(149,33): error xUnit1011: There is no matching method parameter for value: "Should NOT extract incomplete CMS". Remove unused value(s), or add more parameter(s). (https://xunit.net/xunit.analyzers/rules/xUnit1011) [C:\Users\DiaTech\Pictures\DiaTech\Programs\Bulk_Editor\BulkEditor.Tests\BulkEditor.Tests.csproj]
C:\Users\DiaTech\Pictures\DiaTech\Programs\Bulk_Editor\BulkEditor.Tests\Infrastructure\Services\DocumentProcessorHyperlinkTests.cs(150,44): error xUnit1011: There is no matching method parameter for value: "Should NOT extract TSRC with wrong digit count". Remove unused value(s), or add more parameter(s). (https://xunit.net/xunit.analyzers/rules/xUnit1011) [C:\Users\DiaTech\Pictures\DiaTech\Programs\Bulk_Editor\BulkEditor.Tests\BulkEditor.Tests.csproj]
C:\Users\DiaTech\Pictures\DiaTech\Programs\Bulk_Editor\BulkEditor.Tests\Infrastructure\Services\DocumentProcessorHyperlinkTests.cs(151,45): error xUnit1011: There is no matching method parameter for value: "Should NOT extract CMS with wrong digit count". Remove unused value(s), or add more parameter(s). (https://xunit.net/xunit.analyzers/rules/xUnit1011) [C:\Users\DiaTech\Pictures\DiaTech\Programs\Bulk_Editor\BulkEditor.Tests\BulkEditor.Tests.csproj]
C:\Users\DiaTech\Pictures\DiaTech\Programs\Bulk_Editor\BulkEditor.Tests\Infrastructure\Services\DocumentProcessorHyperlinkTests.cs(152,45): error xUnit1011: There is no matching method parameter for value: "Should NOT extract wrong prefix". Remove unused value(s), or add more parameter(s). (https://xunit.net/xunit.analyzers/rules/xUnit1011) [C:\Users\DiaTech\Pictures\DiaTech\Programs\Bulk_Editor\BulkEditor.Tests\BulkEditor.Tests.csproj]
C:\Users\DiaTech\Pictures\DiaTech\Programs\Bulk_Editor\BulkEditor.Tests\Infrastructure\Services\DocumentProcessorHyperlinkTests.cs(153,51): error xUnit1011: There is no matching method parameter for value: "Should NOT extract from random URLs". Remove unused value(s), or add more parameter(s). (https://xunit.net/xunit.analyzers/rules/xUnit1011) [C:\Users\DiaTech\Pictures\DiaTech\Programs\Bulk_Editor\BulkEditor.Tests\BulkEditor.Tests.csproj]
C:\Users\DiaTech\Pictures\DiaTech\Programs\Bulk_Editor\BulkEditor.Tests\Infrastructure\Services\DocumentProcessorHyperlinkTests.cs(154,29): error xUnit1011: There is no matching method parameter for value: "Should NOT extract from empty string". Remove unused value(s), or add more parameter(s). (https://xunit.net/xunit.analyzers/rules/xUnit1011) [C:\Users\DiaTech\Pictures\DiaTech\Programs\Bulk_Editor\BulkEditor.Tests\BulkEditor.Tests.csproj]
C:\Users\DiaTech\Pictures\DiaTech\Programs\Bulk_Editor\BulkEditor.Tests\Infrastructure\Services\DocumentProcessorHyperlinkTests.cs(155,70): error xUnit1011: There is no matching method parameter for value: "Should NOT extract when no valid patterns". Remove unused value(s), or add more parameter(s). (https://xunit.net/xunit.analyzers/rules/xUnit1011) [C:\Users\DiaTech\Pictures\DiaTech\Programs\Bulk_Editor\BulkEditor.Tests\BulkEditor.Tests.csproj]
C:\Users\DiaTech\Pictures\DiaTech\Programs\Bulk_Editor\BulkEditor.Tests\Infrastructure\Services\DocumentProcessorHyperlinkTests.cs(166,136): error xUnit1011: There is no matching method parameter for value: "Should combine address and subaddress". Remove unused value(s), or add more parameter(s). (https://xunit.net/xunit.analyzers/rules/xUnit1011) [C:\Users\DiaTech\Pictures\DiaTech\Programs\Bulk_Editor\BulkEditor.Tests\BulkEditor.Tests.csproj]
C:\Users\DiaTech\Pictures\DiaTech\Programs\Bulk_Editor\BulkEditor.Tests\Infrastructure\Services\DocumentProcessorHyperlinkTests.cs(167,81): error xUnit1011: There is no matching method parameter for value: "Should handle empty subaddress". Remove unused value(s), or add more parameter(s). (https://xunit.net/xunit.analyzers/rules/xUnit1011) [C:\Users\DiaTech\Pictures\DiaTech\Programs\Bulk_Editor\BulkEditor.Tests\BulkEditor.Tests.csproj]
C:\Users\DiaTech\Pictures\DiaTech\Programs\Bulk_Editor\BulkEditor.Tests\Infrastructure\Services\DocumentProcessorHyperlinkTests.cs(168,120): error xUnit1011: There is no matching method parameter for value: "Should combine CMS URL with subaddress". Remove unused value(s), or add more parameter(s). (https://xunit.net/xunit.analyzers/rules/xUnit1011) [C:\Users\DiaTech\Pictures\DiaTech\Programs\Bulk_Editor\BulkEditor.Tests\BulkEditor.Tests.csproj]
C:\Users\DiaTech\Pictures\DiaTech\Programs\Bulk_Editor\BulkEditor.Tests\Infrastructure\Services\HyperlinkReplacementServiceIntegrationTests.cs(211,32): error xUnit1011: There is no matching method parameter for value: "Empty URL should be invalid". Remove unused value(s), or add more parameter(s). (https://xunit.net/xunit.analyzers/rules/xUnit1011) [C:\Users\DiaTech\Pictures\DiaTech\Programs\Bulk_Editor\BulkEditor.Tests\BulkEditor.Tests.csproj]
C:\Users\DiaTech\Pictures\DiaTech\Programs\Bulk_Editor\BulkEditor.Tests\Infrastructure\Services\HyperlinkReplacementServiceIntegrationTests.cs(212,41): error xUnit1011: There is no matching method parameter for value: "Plain text should be invalid". Remove unused value(s), or add more parameter(s). (https://xunit.net/xunit.analyzers/rules/xUnit1011) [C:\Users\DiaTech\Pictures\DiaTech\Programs\Bulk_Editor\BulkEditor.Tests\BulkEditor.Tests.csproj]
C:\Users\DiaTech\Pictures\DiaTech\Programs\Bulk_Editor\BulkEditor.Tests\Infrastructure\Services\HyperlinkReplacementServiceIntegrationTests.cs(213,49): error xUnit1011: There is no matching method parameter for value: "FTP URLs should be invalid". Remove unused value(s), or add more parameter(s). (https://xunit.net/xunit.analyzers/rules/xUnit1011) [C:\Users\DiaTech\Pictures\DiaTech\Programs\Bulk_Editor\BulkEditor.Tests\BulkEditor.Tests.csproj]
C:\Users\DiaTech\Pictures\DiaTech\Programs\Bulk_Editor\BulkEditor.Tests\Infrastructure\Services\HyperlinkReplacementServiceIntegrationTests.cs(214,49): error xUnit1011: There is no matching method parameter for value: "HTTP URLs should be valid". Remove unused value(s), or add more parameter(s). (https://xunit.net/xunit.analyzers/rules/xUnit1011) [C:\Users\DiaTech\Pictures\DiaTech\Programs\Bulk_Editor\BulkEditor.Tests\BulkEditor.Tests.csproj]
C:\Users\DiaTech\Pictures\DiaTech\Programs\Bulk_Editor\BulkEditor.Tests\Infrastructure\Services\HyperlinkReplacementServiceIntegrationTests.cs(215,50): error xUnit1011: There is no matching method parameter for value: "HTTPS URLs should be valid". Remove unused value(s), or add more parameter(s). (https://xunit.net/xunit.analyzers/rules/xUnit1011) [C:\Users\DiaTech\Pictures\DiaTech\Programs\Bulk_Editor\BulkEditor.Tests\BulkEditor.Tests.csproj]
C:\Users\DiaTech\Pictures\DiaTech\Programs\Bulk_Editor\BulkEditor.Tests\Infrastructure\Services\HyperlinkReplacementServiceIntegrationTests.cs(216,67): error xUnit1011: There is no matching method parameter for value: "CVS Health URLs should be valid". Remove unused value(s), or add more parameter(s). (https://xunit.net/xunit.analyzers/rules/xUnit1011) [C:\Users\DiaTech\Pictures\DiaTech\Programs\Bulk_Editor\BulkEditor.Tests\BulkEditor.Tests.csproj]
C:\Users\DiaTech\Pictures\DiaTech\Programs\Bulk_Editor\BulkEditor.Tests\Infrastructure\Services\HyperlinkReplacementServiceIntegrationTests.cs(327,42): error xUnit1011: There is no matching method parameter for value: "Fragment with exclamation mark". Remove unused value(s), or add more parameter(s). (https://xunit.net/xunit.analyzers/rules/xUnit1011) [C:\Users\DiaTech\Pictures\DiaTech\Programs\Bulk_Editor\BulkEditor.Tests\BulkEditor.Tests.csproj]
C:\Users\DiaTech\Pictures\DiaTech\Programs\Bulk_Editor\BulkEditor.Tests\Infrastructure\Services\HyperlinkReplacementServiceIntegrationTests.cs(328,55): error xUnit1011: There is no matching method parameter for value: "Fragment with angle brackets". Remove unused value(s), or add more parameter(s). (https://xunit.net/xunit.analyzers/rules/xUnit1011) [C:\Users\DiaTech\Pictures\DiaTech\Programs\Bulk_Editor\BulkEditor.Tests\BulkEditor.Tests.csproj]
C:\Users\DiaTech\Pictures\DiaTech\Programs\Bulk_Editor\BulkEditor.Tests\Infrastructure\Services\HyperlinkReplacementServiceIntegrationTests.cs(329,41): error xUnit1011: There is no matching method parameter for value: "Fragment with ampersand". Remove unused value(s), or add more parameter(s). (https://xunit.net/xunit.analyzers/rules/xUnit1011) [C:\Users\DiaTech\Pictures\DiaTech\Programs\Bulk_Editor\BulkEditor.Tests\BulkEditor.Tests.csproj]
C:\Users\DiaTech\Pictures\DiaTech\Programs\Bulk_Editor\BulkEditor.Tests\Infrastructure\Services\HyperlinkReplacementServiceIntegrationTests.cs(330,39): error xUnit1011: There is no matching method parameter for value: "Fragment with quotes". Remove unused value(s), or add more parameter(s). (https://xunit.net/xunit.analyzers/rules/xUnit1011) [C:\Users\DiaTech\Pictures\DiaTech\Programs\Bulk_Editor\BulkEditor.Tests\BulkEditor.Tests.csproj]
C:\Users\DiaTech\Pictures\DiaTech\Programs\Bulk_Editor\BulkEditor.Tests\Infrastructure\Services\HyperlinkReplacementServiceIntegrationTests.cs(331,37): error xUnit1011: There is no matching method parameter for value: "Fragment with single quotes". Remove unused value(s), or add more parameter(s). (https://xunit.net/xunit.analyzers/rules/xUnit1011) [C:\Users\DiaTech\Pictures\DiaTech\Programs\Bulk_Editor\BulkEditor.Tests\BulkEditor.Tests.csproj]

Build FAILED.

C:\Users\DiaTech\Pictures\DiaTech\Programs\Bulk_Editor\BulkEditor.Tests\Infrastructure\Services\HyperlinkReplacementServiceIntegrationTests.cs(136,34): warning CS8602: Dereference of a possibly null reference. [C:\Users\DiaTech\Pictures\DiaTech\Programs\Bulk_Editor\BulkEditor.Tests\BulkEditor.Tests.csproj]
C:\Users\DiaTech\Pictures\DiaTech\Programs\Bulk_Editor\BulkEditor.Tests\Infrastructure\Services\HyperlinkReplacementServiceIntegrationTests.cs(136,26): warning CS8600: Converting null literal or possible null value to non-nullable type. [C:\Users\DiaTech\Pictures\DiaTech\Programs\Bulk_Editor\BulkEditor.Tests\BulkEditor.Tests.csproj]
C:\Users\DiaTech\Pictures\DiaTech\Programs\Bulk_Editor\BulkEditor.Tests\Infrastructure\Services\HyperlinkReplacementServiceIntegrationTests.cs(155,34): warning CS8602: Dereference of a possibly null reference. [C:\Users\DiaTech\Pictures\DiaTech\Programs\Bulk_Editor\BulkEditor.Tests\BulkEditor.Tests.csproj]
C:\Users\DiaTech\Pictures\DiaTech\Programs\Bulk_Editor\BulkEditor.Tests\Infrastructure\Services\HyperlinkReplacementServiceIntegrationTests.cs(155,26): warning CS8600: Converting null literal or possible null value to non-nullable type. [C:\Users\DiaTech\Pictures\DiaTech\Programs\Bulk_Editor\BulkEditor.Tests\BulkEditor.Tests.csproj]
C:\Users\DiaTech\Pictures\DiaTech\Programs\Bulk_Editor\BulkEditor.Tests\Infrastructure\Services\HyperlinkReplacementServiceIntegrationTests.cs(173,34): warning CS8602: Dereference of a possibly null reference. [C:\Users\DiaTech\Pictures\DiaTech\Programs\Bulk_Editor\BulkEditor.Tests\BulkEditor.Tests.csproj]
C:\Users\DiaTech\Pictures\DiaTech\Programs\Bulk_Editor\BulkEditor.Tests\Infrastructure\Services\HyperlinkReplacementServiceIntegrationTests.cs(173,26): warning CS8600: Converting null literal or possible null value to non-nullable type. [C:\Users\DiaTech\Pictures\DiaTech\Programs\Bulk_Editor\BulkEditor.Tests\BulkEditor.Tests.csproj]
C:\Users\DiaTech\Pictures\DiaTech\Programs\Bulk_Editor\BulkEditor.Tests\Infrastructure\Services\HttpServiceApiTests.cs(205,33): warning CS8602: Dereference of a possibly null reference. [C:\Users\DiaTech\Pictures\DiaTech\Programs\Bulk_Editor\BulkEditor.Tests\BulkEditor.Tests.csproj]
C:\Users\DiaTech\Pictures\DiaTech\Programs\Bulk_Editor\BulkEditor.Tests\Infrastructure\Services\HttpServiceApiTests.cs(212,33): warning CS8602: Dereference of a possibly null reference. [C:\Users\DiaTech\Pictures\DiaTech\Programs\Bulk_Editor\BulkEditor.Tests\BulkEditor.Tests.csproj]
C:\Users\DiaTech\Pictures\DiaTech\Programs\Bulk_Editor\BulkEditor.Tests\Infrastructure\Services\DocumentProcessorHyperlinkTests.cs(224,26): warning CS8602: Dereference of a possibly null reference. [C:\Users\DiaTech\Pictures\DiaTech\Programs\Bulk_Editor\BulkEditor.Tests\BulkEditor.Tests.csproj]
C:\Users\DiaTech\Pictures\DiaTech\Programs\Bulk_Editor\BulkEditor.Tests\Infrastructure\Services\DocumentProcessorHyperlinkTests.cs(224,20): warning CS8605: Unboxing a possibly null value. [C:\Users\DiaTech\Pictures\DiaTech\Programs\Bulk_Editor\BulkEditor.Tests\BulkEditor.Tests.csproj]
C:\Users\DiaTech\Pictures\DiaTech\Programs\Bulk_Editor\BulkEditor.Tests\Infrastructure\Services\DocumentProcessorHyperlinkTests.cs(235,28): warning CS8602: Dereference of a possibly null reference. [C:\Users\DiaTech\Pictures\DiaTech\Programs\Bulk_Editor\BulkEditor.Tests\BulkEditor.Tests.csproj]
C:\Users\DiaTech\Pictures\DiaTech\Programs\Bulk_Editor\BulkEditor.Tests\Infrastructure\Services\DocumentProcessorHyperlinkTests.cs(235,20): warning CS8600: Converting null literal or possible null value to non-nullable type. [C:\Users\DiaTech\Pictures\DiaTech\Programs\Bulk_Editor\BulkEditor.Tests\BulkEditor.Tests.csproj]
C:\Users\DiaTech\Pictures\DiaTech\Programs\Bulk_Editor\BulkEditor.Tests\Infrastructure\Services\DocumentProcessorHyperlinkTests.cs(235,20): warning CS8603: Possible null reference return. [C:\Users\DiaTech\Pictures\DiaTech\Programs\Bulk_Editor\BulkEditor.Tests\BulkEditor.Tests.csproj]
C:\Users\DiaTech\Pictures\DiaTech\Programs\Bulk_Editor\BulkEditor.Tests\Infrastructure\Services\HyperlinkReplacementServiceIntegrationTests.cs(224,32): warning CS8602: Dereference of a possibly null reference. [C:\Users\DiaTech\Pictures\DiaTech\Programs\Bulk_Editor\BulkEditor.Tests\BulkEditor.Tests.csproj]
C:\Users\DiaTech\Pictures\DiaTech\Programs\Bulk_Editor\BulkEditor.Tests\Infrastructure\Services\HyperlinkReplacementServiceIntegrationTests.cs(224,26): warning CS8605: Unboxing a possibly null value. [C:\Users\DiaTech\Pictures\DiaTech\Programs\Bulk_Editor\BulkEditor.Tests\BulkEditor.Tests.csproj]
C:\Users\DiaTech\Pictures\DiaTech\Programs\Bulk_Editor\BulkEditor.Tests\Infrastructure\Services\HyperlinkReplacementServiceIntegrationTests.cs(241,40): warning CS8602: Dereference of a possibly null reference. [C:\Users\DiaTech\Pictures\DiaTech\Programs\Bulk_Editor\BulkEditor.Tests\BulkEditor.Tests.csproj]
C:\Users\DiaTech\Pictures\DiaTech\Programs\Bulk_Editor\BulkEditor.Tests\Infrastructure\Services\HyperlinkReplacementServiceIntegrationTests.cs(241,26): warning CS8600: Converting null literal or possible null value to non-nullable type. [C:\Users\DiaTech\Pictures\DiaTech\Programs\Bulk_Editor\BulkEditor.Tests\BulkEditor.Tests.csproj]
C:\Users\DiaTech\Pictures\DiaTech\Programs\Bulk_Editor\BulkEditor.Tests\Infrastructure\Services\HyperlinkReplacementServiceIntegrationTests.cs(242,38): warning CS8602: Dereference of a possibly null reference. [C:\Users\DiaTech\Pictures\DiaTech\Programs\Bulk_Editor\BulkEditor.Tests\BulkEditor.Tests.csproj]
C:\Users\DiaTech\Pictures\DiaTech\Programs\Bulk_Editor\BulkEditor.Tests\Infrastructure\Services\HyperlinkReplacementServiceIntegrationTests.cs(296,34): warning CS8602: Dereference of a possibly null reference. [C:\Users\DiaTech\Pictures\DiaTech\Programs\Bulk_Editor\BulkEditor.Tests\BulkEditor.Tests.csproj]
C:\Users\DiaTech\Pictures\DiaTech\Programs\Bulk_Editor\BulkEditor.Tests\Infrastructure\Services\HyperlinkReplacementServiceIntegrationTests.cs(296,26): warning CS8600: Converting null literal or possible null value to non-nullable type. [C:\Users\DiaTech\Pictures\DiaTech\Programs\Bulk_Editor\BulkEditor.Tests\BulkEditor.Tests.csproj]
C:\Users\DiaTech\Pictures\DiaTech\Programs\Bulk_Editor\BulkEditor.Tests\Infrastructure\Services\HyperlinkReplacementServiceIntegrationTests.cs(318,38): warning CS8602: Dereference of a possibly null reference. [C:\Users\DiaTech\Pictures\DiaTech\Programs\Bulk_Editor\BulkEditor.Tests\BulkEditor.Tests.csproj]
C:\Users\DiaTech\Pictures\DiaTech\Programs\Bulk_Editor\BulkEditor.Tests\Infrastructure\Services\HyperlinkReplacementServiceIntegrationTests.cs(318,32): warning CS8605: Unboxing a possibly null value. [C:\Users\DiaTech\Pictures\DiaTech\Programs\Bulk_Editor\BulkEditor.Tests\BulkEditor.Tests.csproj]
C:\Users\DiaTech\Pictures\DiaTech\Programs\Bulk_Editor\BulkEditor.Tests\Infrastructure\Services\HyperlinkReplacementServiceIntegrationTests.cs(319,30): warning CS8605: Unboxing a possibly null value. [C:\Users\DiaTech\Pictures\DiaTech\Programs\Bulk_Editor\BulkEditor.Tests\BulkEditor.Tests.csproj]
C:\Users\DiaTech\Pictures\DiaTech\Programs\Bulk_Editor\BulkEditor.Tests\Infrastructure\Services\HyperlinkReplacementServiceIntegrationTests.cs(339,34): warning CS8602: Dereference of a possibly null reference. [C:\Users\DiaTech\Pictures\DiaTech\Programs\Bulk_Editor\BulkEditor.Tests\BulkEditor.Tests.csproj]
C:\Users\DiaTech\Pictures\DiaTech\Programs\Bulk_Editor\BulkEditor.Tests\Infrastructure\Services\HyperlinkReplacementServiceIntegrationTests.cs(339,26): warning CS8600: Converting null literal or possible null value to non-nullable type. [C:\Users\DiaTech\Pictures\DiaTech\Programs\Bulk_Editor\BulkEditor.Tests\BulkEditor.Tests.csproj]
C:\Users\DiaTech\Pictures\DiaTech\Programs\Bulk_Editor\BulkEditor.Tests\Infrastructure\Services\HyperlinkReplacementServiceIntegrationTests.cs(352,27): warning CS1998: This async method lacks 'await' operators and will run synchronously. Consider using the 'await' operator to await non-blocking API calls, or 'await Task.Run(...)' to do CPU-bound work on a background thread. [C:\Users\DiaTech\Pictures\DiaTech\Programs\Bulk_Editor\BulkEditor.Tests\BulkEditor.Tests.csproj]
C:\Users\DiaTech\Pictures\DiaTech\Programs\Bulk_Editor\BulkEditor.Tests\Infrastructure\Services\ReplacementServiceTests.cs(55,75): error CS1503: Argument 1: cannot convert from 'BulkEditor.Core.Entities.Document' to 'DocumentFormat.OpenXml.Packaging.WordprocessingDocument' [C:\Users\DiaTech\Pictures\DiaTech\Programs\Bulk_Editor\BulkEditor.Tests\BulkEditor.Tests.csproj]
C:\Users\DiaTech\Pictures\DiaTech\Programs\Bulk_Editor\BulkEditor.Tests\Infrastructure\Services\ReplacementServiceTests.cs(55,85): error CS1503: Argument 2: cannot convert from 'System.Threading.CancellationToken' to 'BulkEditor.Core.Entities.Document' [C:\Users\DiaTech\Pictures\DiaTech\Programs\Bulk_Editor\BulkEditor.Tests\BulkEditor.Tests.csproj]
C:\Users\DiaTech\Pictures\DiaTech\Programs\Bulk_Editor\BulkEditor.Tests\Infrastructure\Services\ReplacementServiceTests.cs(79,75): error CS1503: Argument 1: cannot convert from 'BulkEditor.Core.Entities.Document' to 'DocumentFormat.OpenXml.Packaging.WordprocessingDocument' [C:\Users\DiaTech\Pictures\DiaTech\Programs\Bulk_Editor\BulkEditor.Tests\BulkEditor.Tests.csproj]
C:\Users\DiaTech\Pictures\DiaTech\Programs\Bulk_Editor\BulkEditor.Tests\Infrastructure\Services\ReplacementServiceTests.cs(79,85): error CS1503: Argument 2: cannot convert from 'System.Threading.CancellationToken' to 'BulkEditor.Core.Entities.Document' [C:\Users\DiaTech\Pictures\DiaTech\Programs\Bulk_Editor\BulkEditor.Tests\BulkEditor.Tests.csproj]
C:\Users\DiaTech\Pictures\DiaTech\Programs\Bulk_Editor\BulkEditor.Tests\Infrastructure\Services\ReplacementServiceTests.cs(98,81): error CS1503: Argument 1: cannot convert from 'BulkEditor.Core.Entities.Document' to 'DocumentFormat.OpenXml.Packaging.WordprocessingDocument' [C:\Users\DiaTech\Pictures\DiaTech\Programs\Bulk_Editor\BulkEditor.Tests\BulkEditor.Tests.csproj]
C:\Users\DiaTech\Pictures\DiaTech\Programs\Bulk_Editor\BulkEditor.Tests\Infrastructure\Services\ReplacementServiceTests.cs(98,103): error CS1503: Argument 2: cannot convert from 'System.Collections.Generic.IEnumerable<BulkEditor.Core.Configuration.TextReplacementRule>' to 'BulkEditor.Core.Entities.Document' [C:\Users\DiaTech\Pictures\DiaTech\Programs\Bulk_Editor\BulkEditor.Tests\BulkEditor.Tests.csproj]
C:\Users\DiaTech\Pictures\DiaTech\Programs\Bulk_Editor\BulkEditor.Tests\Infrastructure\Services\ReplacementServiceTests.cs(98,149): error CS1503: Argument 3: cannot convert from 'System.Threading.CancellationToken' to 'System.Collections.Generic.IEnumerable<BulkEditor.Core.Configuration.TextReplacementRule>' [C:\Users\DiaTech\Pictures\DiaTech\Programs\Bulk_Editor\BulkEditor.Tests\BulkEditor.Tests.csproj]
C:\Users\DiaTech\Pictures\DiaTech\Programs\Bulk_Editor\BulkEditor.Tests\Infrastructure\Services\ReplacementServiceTests.cs(102,75): error CS1503: Argument 1: cannot convert from 'BulkEditor.Core.Entities.Document' to 'DocumentFormat.OpenXml.Packaging.WordprocessingDocument' [C:\Users\DiaTech\Pictures\DiaTech\Programs\Bulk_Editor\BulkEditor.Tests\BulkEditor.Tests.csproj]
C:\Users\DiaTech\Pictures\DiaTech\Programs\Bulk_Editor\BulkEditor.Tests\Infrastructure\Services\ReplacementServiceTests.cs(102,85): error CS1503: Argument 2: cannot convert from 'System.Threading.CancellationToken' to 'BulkEditor.Core.Entities.Document' [C:\Users\DiaTech\Pictures\DiaTech\Programs\Bulk_Editor\BulkEditor.Tests\BulkEditor.Tests.csproj]
C:\Users\DiaTech\Pictures\DiaTech\Programs\Bulk_Editor\BulkEditor.Tests\Infrastructure\Services\ReplacementServiceTests.cs(106,82): error CS1503: Argument 1: cannot convert from 'BulkEditor.Core.Entities.Document' to 'DocumentFormat.OpenXml.Packaging.WordprocessingDocument' [C:\Users\DiaTech\Pictures\DiaTech\Programs\Bulk_Editor\BulkEditor.Tests\BulkEditor.Tests.csproj]
C:\Users\DiaTech\Pictures\DiaTech\Programs\Bulk_Editor\BulkEditor.Tests\Infrastructure\Services\ReplacementServiceTests.cs(106,92): error CS1503: Argument 2: cannot convert from 'System.Collections.Generic.IEnumerable<BulkEditor.Core.Configuration.TextReplacementRule>' to 'BulkEditor.Core.Entities.Document' [C:\Users\DiaTech\Pictures\DiaTech\Programs\Bulk_Editor\BulkEditor.Tests\BulkEditor.Tests.csproj]
C:\Users\DiaTech\Pictures\DiaTech\Programs\Bulk_Editor\BulkEditor.Tests\Infrastructure\Services\ReplacementServiceTests.cs(106,138): error CS1503: Argument 3: cannot convert from 'System.Threading.CancellationToken' to 'System.Collections.Generic.IEnumerable<BulkEditor.Core.Configuration.TextReplacementRule>' [C:\Users\DiaTech\Pictures\DiaTech\Programs\Bulk_Editor\BulkEditor.Tests\BulkEditor.Tests.csproj]
C:\Users\DiaTech\Pictures\DiaTech\Programs\Bulk_Editor\BulkEditor.Tests\Infrastructure\Services\HyperlinkReplacementServiceIntegrationTests.cs(125,41): error xUnit1011: There is no matching method parameter for value: "6-digit Content ID should remain unchanged". Remove unused value(s), or add more parameter(s). (https://xunit.net/xunit.analyzers/rules/xUnit1011) [C:\Users\DiaTech\Pictures\DiaTech\Programs\Bulk_Editor\BulkEditor.Tests\BulkEditor.Tests.csproj]
C:\Users\DiaTech\Pictures\DiaTech\Programs\Bulk_Editor\BulkEditor.Tests\Infrastructure\Services\HyperlinkReplacementServiceIntegrationTests.cs(126,40): error xUnit1011: There is no matching method parameter for value: "5-digit Content ID should be padded with leading zero". Remove unused value(s), or add more parameter(s). (https://xunit.net/xunit.analyzers/rules/xUnit1011) [C:\Users\DiaTech\Pictures\DiaTech\Programs\Bulk_Editor\BulkEditor.Tests\BulkEditor.Tests.csproj]
C:\Users\DiaTech\Pictures\DiaTech\Programs\Bulk_Editor\BulkEditor.Tests\Infrastructure\Services\HyperlinkReplacementServiceIntegrationTests.cs(127,51): error xUnit1011: There is no matching method parameter for value: "Should extract 6-digit from lookup ID". Remove unused value(s), or add more parameter(s). (https://xunit.net/xunit.analyzers/rules/xUnit1011) [C:\Users\DiaTech\Pictures\DiaTech\Programs\Bulk_Editor\BulkEditor.Tests\BulkEditor.Tests.csproj]
C:\Users\DiaTech\Pictures\DiaTech\Programs\Bulk_Editor\BulkEditor.Tests\Infrastructure\Services\HyperlinkReplacementServiceIntegrationTests.cs(128,50): error xUnit1011: There is no matching method parameter for value: "Should extract 6-digit from CMS lookup ID". Remove unused value(s), or add more parameter(s). (https://xunit.net/xunit.analyzers/rules/xUnit1011) [C:\Users\DiaTech\Pictures\DiaTech\Programs\Bulk_Editor\BulkEditor.Tests\BulkEditor.Tests.csproj]
C:\Users\DiaTech\Pictures\DiaTech\Programs\Bulk_Editor\BulkEditor.Tests\Infrastructure\Services\HyperlinkReplacementServiceIntegrationTests.cs(143,54): error xUnit1011: There is no matching method parameter for value: "Should remove HTML tags". Remove unused value(s), or add more parameter(s). (https://xunit.net/xunit.analyzers/rules/xUnit1011) [C:\Users\DiaTech\Pictures\DiaTech\Programs\Bulk_Editor\BulkEditor.Tests\BulkEditor.Tests.csproj]
C:\Users\DiaTech\Pictures\DiaTech\Programs\Bulk_Editor\BulkEditor.Tests\Infrastructure\Services\HyperlinkReplacementServiceIntegrationTests.cs(144,49): error xUnit1011: There is no matching method parameter for value: "Should decode HTML entities". Remove unused value(s), or add more parameter(s). (https://xunit.net/xunit.analyzers/rules/xUnit1011) [C:\Users\DiaTech\Pictures\DiaTech\Programs\Bulk_Editor\BulkEditor.Tests\BulkEditor.Tests.csproj]
C:\Users\DiaTech\Pictures\DiaTech\Programs\Bulk_Editor\BulkEditor.Tests\Infrastructure\Services\HyperlinkReplacementServiceIntegrationTests.cs(145,53): error xUnit1011: There is no matching method parameter for value: "Should decode angle bracket entities". Remove unused value(s), or add more parameter(s). (https://xunit.net/xunit.analyzers/rules/xUnit1011) [C:\Users\DiaTech\Pictures\DiaTech\Programs\Bulk_Editor\BulkEditor.Tests\BulkEditor.Tests.csproj]
C:\Users\DiaTech\Pictures\DiaTech\Programs\Bulk_Editor\BulkEditor.Tests\Infrastructure\Services\HyperlinkReplacementServiceIntegrationTests.cs(146,55): error xUnit1011: There is no matching method parameter for value: "Should remove quotes after decoding". Remove unused value(s), or add more parameter(s). (https://xunit.net/xunit.analyzers/rules/xUnit1011) [C:\Users\DiaTech\Pictures\DiaTech\Programs\Bulk_Editor\BulkEditor.Tests\BulkEditor.Tests.csproj]
C:\Users\DiaTech\Pictures\DiaTech\Programs\Bulk_Editor\BulkEditor.Tests\Infrastructure\Services\HyperlinkReplacementServiceIntegrationTests.cs(147,55): error xUnit1011: There is no matching method parameter for value: "Should leave clean IDs unchanged". Remove unused value(s), or add more parameter(s). (https://xunit.net/xunit.analyzers/rules/xUnit1011) [C:\Users\DiaTech\Pictures\DiaTech\Programs\Bulk_Editor\BulkEditor.Tests\BulkEditor.Tests.csproj]
C:\Users\DiaTech\Pictures\DiaTech\Programs\Bulk_Editor\BulkEditor.Tests\Infrastructure\Services\HyperlinkReplacementServiceIntegrationTests.cs(162,51): error xUnit1011: There is no matching method parameter for value: "Should extract 6-digit from TSRC". Remove unused value(s), or add more parameter(s). (https://xunit.net/xunit.analyzers/rules/xUnit1011) [C:\Users\DiaTech\Pictures\DiaTech\Programs\Bulk_Editor\BulkEditor.Tests\BulkEditor.Tests.csproj]
C:\Users\DiaTech\Pictures\DiaTech\Programs\Bulk_Editor\BulkEditor.Tests\Infrastructure\Services\HyperlinkReplacementServiceIntegrationTests.cs(163,50): error xUnit1011: There is no matching method parameter for value: "Should extract 6-digit from CMS". Remove unused value(s), or add more parameter(s). (https://xunit.net/xunit.analyzers/rules/xUnit1011) [C:\Users\DiaTech\Pictures\DiaTech\Programs\Bulk_Editor\BulkEditor.Tests\BulkEditor.Tests.csproj]
C:\Users\DiaTech\Pictures\DiaTech\Programs\Bulk_Editor\BulkEditor.Tests\Infrastructure\Services\HyperlinkReplacementServiceIntegrationTests.cs(164,59): error xUnit1011: There is no matching method parameter for value: "Should handle long middle parts". Remove unused value(s), or add more parameter(s). (https://xunit.net/xunit.analyzers/rules/xUnit1011) [C:\Users\DiaTech\Pictures\DiaTech\Programs\Bulk_Editor\BulkEditor.Tests\BulkEditor.Tests.csproj]
C:\Users\DiaTech\Pictures\DiaTech\Programs\Bulk_Editor\BulkEditor.Tests\Infrastructure\Services\HyperlinkReplacementServiceIntegrationTests.cs(165,57): error xUnit1011: There is no matching method parameter for value: "Should return original for invalid format". Remove unused value(s), or add more parameter(s). (https://xunit.net/xunit.analyzers/rules/xUnit1011) [C:\Users\DiaTech\Pictures\DiaTech\Programs\Bulk_Editor\BulkEditor.Tests\BulkEditor.Tests.csproj]
C:\Users\DiaTech\Pictures\DiaTech\Programs\Bulk_Editor\BulkEditor.Tests\Infrastructure\Services\DocumentProcessorHyperlinkTests.cs(61,78): error xUnit1011: There is no matching method parameter for value: "Should validate TSRC with exact pattern". Remove unused value(s), or add more parameter(s). (https://xunit.net/xunit.analyzers/rules/xUnit1011) [C:\Users\DiaTech\Pictures\DiaTech\Programs\Bulk_Editor\BulkEditor.Tests\BulkEditor.Tests.csproj]
C:\Users\DiaTech\Pictures\DiaTech\Programs\Bulk_Editor\BulkEditor.Tests\Infrastructure\Services\DocumentProcessorHyperlinkTests.cs(62,77): error xUnit1011: There is no matching method parameter for value: "Should validate CMS with exact pattern". Remove unused value(s), or add more parameter(s). (https://xunit.net/xunit.analyzers/rules/xUnit1011) [C:\Users\DiaTech\Pictures\DiaTech\Programs\Bulk_Editor\BulkEditor.Tests\BulkEditor.Tests.csproj]
C:\Users\DiaTech\Pictures\DiaTech\Programs\Bulk_Editor\BulkEditor.Tests\Infrastructure\Services\DocumentProcessorHyperlinkTests.cs(63,78): error xUnit1011: There is no matching method parameter for value: "Should validate TSRC-TEST format". Remove unused value(s), or add more parameter(s). (https://xunit.net/xunit.analyzers/rules/xUnit1011) [C:\Users\DiaTech\Pictures\DiaTech\Programs\Bulk_Editor\BulkEditor.Tests\BulkEditor.Tests.csproj]
C:\Users\DiaTech\Pictures\DiaTech\Programs\Bulk_Editor\BulkEditor.Tests\Infrastructure\Services\DocumentProcessorHyperlinkTests.cs(64,76): error xUnit1011: There is no matching method parameter for value: "Should validate CMS-DEV format". Remove unused value(s), or add more parameter(s). (https://xunit.net/xunit.analyzers/rules/xUnit1011) [C:\Users\DiaTech\Pictures\DiaTech\Programs\Bulk_Editor\BulkEditor.Tests\BulkEditor.Tests.csproj]
C:\Users\DiaTech\Pictures\DiaTech\Programs\Bulk_Editor\BulkEditor.Tests\Infrastructure\Services\DocumentProcessorHyperlinkTests.cs(65,107): error xUnit1011: There is no matching method parameter for value: "Should validate docid parameter". Remove unused value(s), or add more parameter(s). (https://xunit.net/xunit.analyzers/rules/xUnit1011) [C:\Users\DiaTech\Pictures\DiaTech\Programs\Bulk_Editor\BulkEditor.Tests\BulkEditor.Tests.csproj]
C:\Users\DiaTech\Pictures\DiaTech\Programs\Bulk_Editor\BulkEditor.Tests\Infrastructure\Services\DocumentProcessorHyperlinkTests.cs(66,72): error xUnit1011: There is no matching method parameter for value: "Should validate TSRC in URL path". Remove unused value(s), or add more parameter(s). (https://xunit.net/xunit.analyzers/rules/xUnit1011) [C:\Users\DiaTech\Pictures\DiaTech\Programs\Bulk_Editor\BulkEditor.Tests\BulkEditor.Tests.csproj]
C:\Users\DiaTech\Pictures\DiaTech\Programs\Bulk_Editor\BulkEditor.Tests\Infrastructure\Services\DocumentProcessorHyperlinkTests.cs(67,71): error xUnit1011: There is no matching method parameter for value: "Should validate CMS in URL path". Remove unused value(s), or add more parameter(s). (https://xunit.net/xunit.analyzers/rules/xUnit1011) [C:\Users\DiaTech\Pictures\DiaTech\Programs\Bulk_Editor\BulkEditor.Tests\BulkEditor.Tests.csproj]
C:\Users\DiaTech\Pictures\DiaTech\Programs\Bulk_Editor\BulkEditor.Tests\Infrastructure\Services\DocumentProcessorHyperlinkTests.cs(108,61): error xUnit1011: There is no matching method parameter for value: "Should extract exact TSRC pattern". Remove unused value(s), or add more parameter(s). (https://xunit.net/xunit.analyzers/rules/xUnit1011) [C:\Users\DiaTech\Pictures\DiaTech\Programs\Bulk_Editor\BulkEditor.Tests\BulkEditor.Tests.csproj]
C:\Users\DiaTech\Pictures\DiaTech\Programs\Bulk_Editor\BulkEditor.Tests\Infrastructure\Services\DocumentProcessorHyperlinkTests.cs(109,59): error xUnit1011: There is no matching method parameter for value: "Should extract exact CMS pattern". Remove unused value(s), or add more parameter(s). (https://xunit.net/xunit.analyzers/rules/xUnit1011) [C:\Users\DiaTech\Pictures\DiaTech\Programs\Bulk_Editor\BulkEditor.Tests\BulkEditor.Tests.csproj]
C:\Users\DiaTech\Pictures\DiaTech\Programs\Bulk_Editor\BulkEditor.Tests\Infrastructure\Services\DocumentProcessorHyperlinkTests.cs(110,61): error xUnit1011: There is no matching method parameter for value: "Should extract and uppercase TSRC". Remove unused value(s), or add more parameter(s). (https://xunit.net/xunit.analyzers/rules/xUnit1011) [C:\Users\DiaTech\Pictures\DiaTech\Programs\Bulk_Editor\BulkEditor.Tests\BulkEditor.Tests.csproj]
C:\Users\DiaTech\Pictures\DiaTech\Programs\Bulk_Editor\BulkEditor.Tests\Infrastructure\Services\DocumentProcessorHyperlinkTests.cs(111,57): error xUnit1011: There is no matching method parameter for value: "Should extract and uppercase CMS". Remove unused value(s), or add more parameter(s). (https://xunit.net/xunit.analyzers/rules/xUnit1011) [C:\Users\DiaTech\Pictures\DiaTech\Programs\Bulk_Editor\BulkEditor.Tests\BulkEditor.Tests.csproj]
C:\Users\DiaTech\Pictures\DiaTech\Programs\Bulk_Editor\BulkEditor.Tests\Infrastructure\Services\DocumentProcessorHyperlinkTests.cs(112,68): error xUnit1011: There is no matching method parameter for value: "Should extract TSRC from longer string". Remove unused value(s), or add more parameter(s). (https://xunit.net/xunit.analyzers/rules/xUnit1011) [C:\Users\DiaTech\Pictures\DiaTech\Programs\Bulk_Editor\BulkEditor.Tests\BulkEditor.Tests.csproj]
C:\Users\DiaTech\Pictures\DiaTech\Programs\Bulk_Editor\BulkEditor.Tests\Infrastructure\Services\DocumentProcessorHyperlinkTests.cs(113,73): error xUnit1011: There is no matching method parameter for value: "Should extract CMS from longer string". Remove unused value(s), or add more parameter(s). (https://xunit.net/xunit.analyzers/rules/xUnit1011) [C:\Users\DiaTech\Pictures\DiaTech\Programs\Bulk_Editor\BulkEditor.Tests\BulkEditor.Tests.csproj]
C:\Users\DiaTech\Pictures\DiaTech\Programs\Bulk_Editor\BulkEditor.Tests\Infrastructure\Services\DocumentProcessorHyperlinkTests.cs(114,86): error xUnit1011: There is no matching method parameter for value: "Should extract TSRC from URL". Remove unused value(s), or add more parameter(s). (https://xunit.net/xunit.analyzers/rules/xUnit1011) [C:\Users\DiaTech\Pictures\DiaTech\Programs\Bulk_Editor\BulkEditor.Tests\BulkEditor.Tests.csproj]
C:\Users\DiaTech\Pictures\DiaTech\Programs\Bulk_Editor\BulkEditor.Tests\Infrastructure\Services\DocumentProcessorHyperlinkTests.cs(115,99): error xUnit1011: There is no matching method parameter for value: "Should extract CMS from query params". Remove unused value(s), or add more parameter(s). (https://xunit.net/xunit.analyzers/rules/xUnit1011) [C:\Users\DiaTech\Pictures\DiaTech\Programs\Bulk_Editor\BulkEditor.Tests\BulkEditor.Tests.csproj]
C:\Users\DiaTech\Pictures\DiaTech\Programs\Bulk_Editor\BulkEditor.Tests\Infrastructure\Services\DocumentProcessorHyperlinkTests.cs(117,101): error xUnit1011: There is no matching method parameter for value: "Should extract TSRC with very long middle part". Remove unused value(s), or add more parameter(s). (https://xunit.net/xunit.analyzers/rules/xUnit1011) [C:\Users\DiaTech\Pictures\DiaTech\Programs\Bulk_Editor\BulkEditor.Tests\BulkEditor.Tests.csproj]
C:\Users\DiaTech\Pictures\DiaTech\Programs\Bulk_Editor\BulkEditor.Tests\Infrastructure\Services\DocumentProcessorHyperlinkTests.cs(118,63): error xUnit1011: There is no matching method parameter for value: "Should extract TSRC-PROD1 pattern". Remove unused value(s), or add more parameter(s). (https://xunit.net/xunit.analyzers/rules/xUnit1011) [C:\Users\DiaTech\Pictures\DiaTech\Programs\Bulk_Editor\BulkEditor.Tests\BulkEditor.Tests.csproj]
C:\Users\DiaTech\Pictures\DiaTech\Programs\Bulk_Editor\BulkEditor.Tests\Infrastructure\Services\DocumentProcessorHyperlinkTests.cs(119,55): error xUnit1011: There is no matching method parameter for value: "Should extract CMS-21 pattern". Remove unused value(s), or add more parameter(s). (https://xunit.net/xunit.analyzers/rules/xUnit1011) [C:\Users\DiaTech\Pictures\DiaTech\Programs\Bulk_Editor\BulkEditor.Tests\BulkEditor.Tests.csproj]
C:\Users\DiaTech\Pictures\DiaTech\Programs\Bulk_Editor\BulkEditor.Tests\Infrastructure\Services\DocumentProcessorHyperlinkTests.cs(120,126): error xUnit1011: There is no matching method parameter for value: "Should extract TSRC with long middle from URL". Remove unused value(s), or add more parameter(s). (https://xunit.net/xunit.analyzers/rules/xUnit1011) [C:\Users\DiaTech\Pictures\DiaTech\Programs\Bulk_Editor\BulkEditor.Tests\BulkEditor.Tests.csproj]
C:\Users\DiaTech\Pictures\DiaTech\Programs\Bulk_Editor\BulkEditor.Tests\Infrastructure\Services\DocumentProcessorHyperlinkTests.cs(121,80): error xUnit1011: There is no matching method parameter for value: "Should extract CMS-21 from URL". Remove unused value(s), or add more parameter(s). (https://xunit.net/xunit.analyzers/rules/xUnit1011) [C:\Users\DiaTech\Pictures\DiaTech\Programs\Bulk_Editor\BulkEditor.Tests\BulkEditor.Tests.csproj]
C:\Users\DiaTech\Pictures\DiaTech\Programs\Bulk_Editor\BulkEditor.Tests\Infrastructure\Services\DocumentProcessorHyperlinkTests.cs(132,88): error xUnit1011: There is no matching method parameter for value: "Should extract docid parameter". Remove unused value(s), or add more parameter(s). (https://xunit.net/xunit.analyzers/rules/xUnit1011) [C:\Users\DiaTech\Pictures\DiaTech\Programs\Bulk_Editor\BulkEditor.Tests\BulkEditor.Tests.csproj]
C:\Users\DiaTech\Pictures\DiaTech\Programs\Bulk_Editor\BulkEditor.Tests\Infrastructure\Services\DocumentProcessorHyperlinkTests.cs(133,104): error xUnit1011: There is no matching method parameter for value: "Should extract docid with other params". Remove unused value(s), or add more parameter(s). (https://xunit.net/xunit.analyzers/rules/xUnit1011) [C:\Users\DiaTech\Pictures\DiaTech\Programs\Bulk_Editor\BulkEditor.Tests\BulkEditor.Tests.csproj]
C:\Users\DiaTech\Pictures\DiaTech\Programs\Bulk_Editor\BulkEditor.Tests\Infrastructure\Services\DocumentProcessorHyperlinkTests.cs(134,72): error xUnit1011: There is no matching method parameter for value: "Should extract numeric docid". Remove unused value(s), or add more parameter(s). (https://xunit.net/xunit.analyzers/rules/xUnit1011) [C:\Users\DiaTech\Pictures\DiaTech\Programs\Bulk_Editor\BulkEditor.Tests\BulkEditor.Tests.csproj]
C:\Users\DiaTech\Pictures\DiaTech\Programs\Bulk_Editor\BulkEditor.Tests\Infrastructure\Services\DocumentProcessorHyperlinkTests.cs(135,88): error xUnit1011: There is no matching method parameter for value: "Should extract docid when not first param". Remove unused value(s), or add more parameter(s). (https://xunit.net/xunit.analyzers/rules/xUnit1011) [C:\Users\DiaTech\Pictures\DiaTech\Programs\Bulk_Editor\BulkEditor.Tests\BulkEditor.Tests.csproj]
C:\Users\DiaTech\Pictures\DiaTech\Programs\Bulk_Editor\BulkEditor.Tests\Infrastructure\Services\DocumentProcessorHyperlinkTests.cs(82,62): error xUnit1011: There is no matching method parameter for value: "Should NOT validate TSRC without proper separators". Remove unused value(s), or add more parameter(s). (https://xunit.net/xunit.analyzers/rules/xUnit1011) [C:\Users\DiaTech\Pictures\DiaTech\Programs\Bulk_Editor\BulkEditor.Tests\BulkEditor.Tests.csproj]
C:\Users\DiaTech\Pictures\DiaTech\Programs\Bulk_Editor\BulkEditor.Tests\Infrastructure\Services\DocumentProcessorHyperlinkTests.cs(83,61): error xUnit1011: There is no matching method parameter for value: "Should NOT validate CMS without proper separators". Remove unused value(s), or add more parameter(s). (https://xunit.net/xunit.analyzers/rules/xUnit1011) [C:\Users\DiaTech\Pictures\DiaTech\Programs\Bulk_Editor\BulkEditor.Tests\BulkEditor.Tests.csproj]
C:\Users\DiaTech\Pictures\DiaTech\Programs\Bulk_Editor\BulkEditor.Tests\Infrastructure\Services\DocumentProcessorHyperlinkTests.cs(84,57): error xUnit1011: There is no matching method parameter for value: "Should NOT validate incomplete TSRC pattern". Remove unused value(s), or add more parameter(s). (https://xunit.net/xunit.analyzers/rules/xUnit1011) [C:\Users\DiaTech\Pictures\DiaTech\Programs\Bulk_Editor\BulkEditor.Tests\BulkEditor.Tests.csproj]
C:\Users\DiaTech\Pictures\DiaTech\Programs\Bulk_Editor\BulkEditor.Tests\Infrastructure\Services\DocumentProcessorHyperlinkTests.cs(85,56): error xUnit1011: There is no matching method parameter for value: "Should NOT validate incomplete CMS pattern". Remove unused value(s), or add more parameter(s). (https://xunit.net/xunit.analyzers/rules/xUnit1011) [C:\Users\DiaTech\Pictures\DiaTech\Programs\Bulk_Editor\BulkEditor.Tests\BulkEditor.Tests.csproj]
C:\Users\DiaTech\Pictures\DiaTech\Programs\Bulk_Editor\BulkEditor.Tests\Infrastructure\Services\DocumentProcessorHyperlinkTests.cs(86,67): error xUnit1011: There is no matching method parameter for value: "Should NOT validate TSRC with 5 digits instead of 6". Remove unused value(s), or add more parameter(s). (https://xunit.net/xunit.analyzers/rules/xUnit1011) [C:\Users\DiaTech\Pictures\DiaTech\Programs\Bulk_Editor\BulkEditor.Tests\BulkEditor.Tests.csproj]
C:\Users\DiaTech\Pictures\DiaTech\Programs\Bulk_Editor\BulkEditor.Tests\Infrastructure\Services\DocumentProcessorHyperlinkTests.cs(87,68): error xUnit1011: There is no matching method parameter for value: "Should NOT validate CMS with 7 digits instead of 6". Remove unused value(s), or add more parameter(s). (https://xunit.net/xunit.analyzers/rules/xUnit1011) [C:\Users\DiaTech\Pictures\DiaTech\Programs\Bulk_Editor\BulkEditor.Tests\BulkEditor.Tests.csproj]
C:\Users\DiaTech\Pictures\DiaTech\Programs\Bulk_Editor\BulkEditor.Tests\Infrastructure\Services\DocumentProcessorHyperlinkTests.cs(88,69): error xUnit1011: There is no matching method parameter for value: "Should NOT validate TSRC with extra characters". Remove unused value(s), or add more parameter(s). (https://xunit.net/xunit.analyzers/rules/xUnit1011) [C:\Users\DiaTech\Pictures\DiaTech\Programs\Bulk_Editor\BulkEditor.Tests\BulkEditor.Tests.csproj]
C:\Users\DiaTech\Pictures\DiaTech\Programs\Bulk_Editor\BulkEditor.Tests\Infrastructure\Services\DocumentProcessorHyperlinkTests.cs(89,68): error xUnit1011: There is no matching method parameter for value: "Should NOT validate CMS with extra characters". Remove unused value(s), or add more parameter(s). (https://xunit.net/xunit.analyzers/rules/xUnit1011) [C:\Users\DiaTech\Pictures\DiaTech\Programs\Bulk_Editor\BulkEditor.Tests\BulkEditor.Tests.csproj]
C:\Users\DiaTech\Pictures\DiaTech\Programs\Bulk_Editor\BulkEditor.Tests\Infrastructure\Services\DocumentProcessorHyperlinkTests.cs(90,66): error xUnit1011: There is no matching method parameter for value: "Should NOT validate loose TSRC text". Remove unused value(s), or add more parameter(s). (https://xunit.net/xunit.analyzers/rules/xUnit1011) [C:\Users\DiaTech\Pictures\DiaTech\Programs\Bulk_Editor\BulkEditor.Tests\BulkEditor.Tests.csproj]
C:\Users\DiaTech\Pictures\DiaTech\Programs\Bulk_Editor\BulkEditor.Tests\Infrastructure\Services\DocumentProcessorHyperlinkTests.cs(91,65): error xUnit1011: There is no matching method parameter for value: "Should NOT validate loose CMS text". Remove unused value(s), or add more parameter(s). (https://xunit.net/xunit.analyzers/rules/xUnit1011) [C:\Users\DiaTech\Pictures\DiaTech\Programs\Bulk_Editor\BulkEditor.Tests\BulkEditor.Tests.csproj]
C:\Users\DiaTech\Pictures\DiaTech\Programs\Bulk_Editor\BulkEditor.Tests\Infrastructure\Services\DocumentProcessorHyperlinkTests.cs(92,54): error xUnit1011: There is no matching method parameter for value: "Should NOT validate random URLs". Remove unused value(s), or add more parameter(s). (https://xunit.net/xunit.analyzers/rules/xUnit1011) [C:\Users\DiaTech\Pictures\DiaTech\Programs\Bulk_Editor\BulkEditor.Tests\BulkEditor.Tests.csproj]
C:\Users\DiaTech\Pictures\DiaTech\Programs\Bulk_Editor\BulkEditor.Tests\Infrastructure\Services\DocumentProcessorHyperlinkTests.cs(93,32): error xUnit1011: There is no matching method parameter for value: "Should NOT validate empty URLs". Remove unused value(s), or add more parameter(s). (https://xunit.net/xunit.analyzers/rules/xUnit1011) [C:\Users\DiaTech\Pictures\DiaTech\Programs\Bulk_Editor\BulkEditor.Tests\BulkEditor.Tests.csproj]
C:\Users\DiaTech\Pictures\DiaTech\Programs\Bulk_Editor\BulkEditor.Tests\Infrastructure\Services\DocumentProcessorHyperlinkTests.cs(146,39): error xUnit1011: There is no matching method parameter for value: "Should NOT extract TSRC without separators". Remove unused value(s), or add more parameter(s). (https://xunit.net/xunit.analyzers/rules/xUnit1011) [C:\Users\DiaTech\Pictures\DiaTech\Programs\Bulk_Editor\BulkEditor.Tests\BulkEditor.Tests.csproj]
C:\Users\DiaTech\Pictures\DiaTech\Programs\Bulk_Editor\BulkEditor.Tests\Infrastructure\Services\DocumentProcessorHyperlinkTests.cs(147,38): error xUnit1011: There is no matching method parameter for value: "Should NOT extract CMS without separators". Remove unused value(s), or add more parameter(s). (https://xunit.net/xunit.analyzers/rules/xUnit1011) [C:\Users\DiaTech\Pictures\DiaTech\Programs\Bulk_Editor\BulkEditor.Tests\BulkEditor.Tests.csproj]
C:\Users\DiaTech\Pictures\DiaTech\Programs\Bulk_Editor\BulkEditor.Tests\Infrastructure\Services\DocumentProcessorHyperlinkTests.cs(148,34): error xUnit1011: There is no matching method parameter for value: "Should NOT extract incomplete TSRC". Remove unused value(s), or add more parameter(s). (https://xunit.net/xunit.analyzers/rules/xUnit1011) [C:\Users\DiaTech\Pictures\DiaTech\Programs\Bulk_Editor\BulkEditor.Tests\BulkEditor.Tests.csproj]
C:\Users\DiaTech\Pictures\DiaTech\Programs\Bulk_Editor\BulkEditor.Tests\Infrastructure\Services\DocumentProcessorHyperlinkTests.cs(149,33): error xUnit1011: There is no matching method parameter for value: "Should NOT extract incomplete CMS". Remove unused value(s), or add more parameter(s). (https://xunit.net/xunit.analyzers/rules/xUnit1011) [C:\Users\DiaTech\Pictures\DiaTech\Programs\Bulk_Editor\BulkEditor.Tests\BulkEditor.Tests.csproj]
C:\Users\DiaTech\Pictures\DiaTech\Programs\Bulk_Editor\BulkEditor.Tests\Infrastructure\Services\DocumentProcessorHyperlinkTests.cs(150,44): error xUnit1011: There is no matching method parameter for value: "Should NOT extract TSRC with wrong digit count". Remove unused value(s), or add more parameter(s). (https://xunit.net/xunit.analyzers/rules/xUnit1011) [C:\Users\DiaTech\Pictures\DiaTech\Programs\Bulk_Editor\BulkEditor.Tests\BulkEditor.Tests.csproj]
C:\Users\DiaTech\Pictures\DiaTech\Programs\Bulk_Editor\BulkEditor.Tests\Infrastructure\Services\DocumentProcessorHyperlinkTests.cs(151,45): error xUnit1011: There is no matching method parameter for value: "Should NOT extract CMS with wrong digit count". Remove unused value(s), or add more parameter(s). (https://xunit.net/xunit.analyzers/rules/xUnit1011) [C:\Users\DiaTech\Pictures\DiaTech\Programs\Bulk_Editor\BulkEditor.Tests\BulkEditor.Tests.csproj]
C:\Users\DiaTech\Pictures\DiaTech\Programs\Bulk_Editor\BulkEditor.Tests\Infrastructure\Services\DocumentProcessorHyperlinkTests.cs(152,45): error xUnit1011: There is no matching method parameter for value: "Should NOT extract wrong prefix". Remove unused value(s), or add more parameter(s). (https://xunit.net/xunit.analyzers/rules/xUnit1011) [C:\Users\DiaTech\Pictures\DiaTech\Programs\Bulk_Editor\BulkEditor.Tests\BulkEditor.Tests.csproj]
C:\Users\DiaTech\Pictures\DiaTech\Programs\Bulk_Editor\BulkEditor.Tests\Infrastructure\Services\DocumentProcessorHyperlinkTests.cs(153,51): error xUnit1011: There is no matching method parameter for value: "Should NOT extract from random URLs". Remove unused value(s), or add more parameter(s). (https://xunit.net/xunit.analyzers/rules/xUnit1011) [C:\Users\DiaTech\Pictures\DiaTech\Programs\Bulk_Editor\BulkEditor.Tests\BulkEditor.Tests.csproj]
C:\Users\DiaTech\Pictures\DiaTech\Programs\Bulk_Editor\BulkEditor.Tests\Infrastructure\Services\DocumentProcessorHyperlinkTests.cs(154,29): error xUnit1011: There is no matching method parameter for value: "Should NOT extract from empty string". Remove unused value(s), or add more parameter(s). (https://xunit.net/xunit.analyzers/rules/xUnit1011) [C:\Users\DiaTech\Pictures\DiaTech\Programs\Bulk_Editor\BulkEditor.Tests\BulkEditor.Tests.csproj]
C:\Users\DiaTech\Pictures\DiaTech\Programs\Bulk_Editor\BulkEditor.Tests\Infrastructure\Services\DocumentProcessorHyperlinkTests.cs(155,70): error xUnit1011: There is no matching method parameter for value: "Should NOT extract when no valid patterns". Remove unused value(s), or add more parameter(s). (https://xunit.net/xunit.analyzers/rules/xUnit1011) [C:\Users\DiaTech\Pictures\DiaTech\Programs\Bulk_Editor\BulkEditor.Tests\BulkEditor.Tests.csproj]
C:\Users\DiaTech\Pictures\DiaTech\Programs\Bulk_Editor\BulkEditor.Tests\Infrastructure\Services\DocumentProcessorHyperlinkTests.cs(166,136): error xUnit1011: There is no matching method parameter for value: "Should combine address and subaddress". Remove unused value(s), or add more parameter(s). (https://xunit.net/xunit.analyzers/rules/xUnit1011) [C:\Users\DiaTech\Pictures\DiaTech\Programs\Bulk_Editor\BulkEditor.Tests\BulkEditor.Tests.csproj]
C:\Users\DiaTech\Pictures\DiaTech\Programs\Bulk_Editor\BulkEditor.Tests\Infrastructure\Services\DocumentProcessorHyperlinkTests.cs(167,81): error xUnit1011: There is no matching method parameter for value: "Should handle empty subaddress". Remove unused value(s), or add more parameter(s). (https://xunit.net/xunit.analyzers/rules/xUnit1011) [C:\Users\DiaTech\Pictures\DiaTech\Programs\Bulk_Editor\BulkEditor.Tests\BulkEditor.Tests.csproj]
C:\Users\DiaTech\Pictures\DiaTech\Programs\Bulk_Editor\BulkEditor.Tests\Infrastructure\Services\DocumentProcessorHyperlinkTests.cs(168,120): error xUnit1011: There is no matching method parameter for value: "Should combine CMS URL with subaddress". Remove unused value(s), or add more parameter(s). (https://xunit.net/xunit.analyzers/rules/xUnit1011) [C:\Users\DiaTech\Pictures\DiaTech\Programs\Bulk_Editor\BulkEditor.Tests\BulkEditor.Tests.csproj]
C:\Users\DiaTech\Pictures\DiaTech\Programs\Bulk_Editor\BulkEditor.Tests\Infrastructure\Services\HyperlinkReplacementServiceIntegrationTests.cs(211,32): error xUnit1011: There is no matching method parameter for value: "Empty URL should be invalid". Remove unused value(s), or add more parameter(s). (https://xunit.net/xunit.analyzers/rules/xUnit1011) [C:\Users\DiaTech\Pictures\DiaTech\Programs\Bulk_Editor\BulkEditor.Tests\BulkEditor.Tests.csproj]
C:\Users\DiaTech\Pictures\DiaTech\Programs\Bulk_Editor\BulkEditor.Tests\Infrastructure\Services\HyperlinkReplacementServiceIntegrationTests.cs(212,41): error xUnit1011: There is no matching method parameter for value: "Plain text should be invalid". Remove unused value(s), or add more parameter(s). (https://xunit.net/xunit.analyzers/rules/xUnit1011) [C:\Users\DiaTech\Pictures\DiaTech\Programs\Bulk_Editor\BulkEditor.Tests\BulkEditor.Tests.csproj]
C:\Users\DiaTech\Pictures\DiaTech\Programs\Bulk_Editor\BulkEditor.Tests\Infrastructure\Services\HyperlinkReplacementServiceIntegrationTests.cs(213,49): error xUnit1011: There is no matching method parameter for value: "FTP URLs should be invalid". Remove unused value(s), or add more parameter(s). (https://xunit.net/xunit.analyzers/rules/xUnit1011) [C:\Users\DiaTech\Pictures\DiaTech\Programs\Bulk_Editor\BulkEditor.Tests\BulkEditor.Tests.csproj]
C:\Users\DiaTech\Pictures\DiaTech\Programs\Bulk_Editor\BulkEditor.Tests\Infrastructure\Services\HyperlinkReplacementServiceIntegrationTests.cs(214,49): error xUnit1011: There is no matching method parameter for value: "HTTP URLs should be valid". Remove unused value(s), or add more parameter(s). (https://xunit.net/xunit.analyzers/rules/xUnit1011) [C:\Users\DiaTech\Pictures\DiaTech\Programs\Bulk_Editor\BulkEditor.Tests\BulkEditor.Tests.csproj]
C:\Users\DiaTech\Pictures\DiaTech\Programs\Bulk_Editor\BulkEditor.Tests\Infrastructure\Services\HyperlinkReplacementServiceIntegrationTests.cs(215,50): error xUnit1011: There is no matching method parameter for value: "HTTPS URLs should be valid". Remove unused value(s), or add more parameter(s). (https://xunit.net/xunit.analyzers/rules/xUnit1011) [C:\Users\DiaTech\Pictures\DiaTech\Programs\Bulk_Editor\BulkEditor.Tests\BulkEditor.Tests.csproj]
C:\Users\DiaTech\Pictures\DiaTech\Programs\Bulk_Editor\BulkEditor.Tests\Infrastructure\Services\HyperlinkReplacementServiceIntegrationTests.cs(216,67): error xUnit1011: There is no matching method parameter for value: "CVS Health URLs should be valid". Remove unused value(s), or add more parameter(s). (https://xunit.net/xunit.analyzers/rules/xUnit1011) [C:\Users\DiaTech\Pictures\DiaTech\Programs\Bulk_Editor\BulkEditor.Tests\BulkEditor.Tests.csproj]
C:\Users\DiaTech\Pictures\DiaTech\Programs\Bulk_Editor\BulkEditor.Tests\Infrastructure\Services\HyperlinkReplacementServiceIntegrationTests.cs(327,42): error xUnit1011: There is no matching method parameter for value: "Fragment with exclamation mark". Remove unused value(s), or add more parameter(s). (https://xunit.net/xunit.analyzers/rules/xUnit1011) [C:\Users\DiaTech\Pictures\DiaTech\Programs\Bulk_Editor\BulkEditor.Tests\BulkEditor.Tests.csproj]
C:\Users\DiaTech\Pictures\DiaTech\Programs\Bulk_Editor\BulkEditor.Tests\Infrastructure\Services\HyperlinkReplacementServiceIntegrationTests.cs(328,55): error xUnit1011: There is no matching method parameter for value: "Fragment with angle brackets". Remove unused value(s), or add more parameter(s). (https://xunit.net/xunit.analyzers/rules/xUnit1011) [C:\Users\DiaTech\Pictures\DiaTech\Programs\Bulk_Editor\BulkEditor.Tests\BulkEditor.Tests.csproj]
C:\Users\DiaTech\Pictures\DiaTech\Programs\Bulk_Editor\BulkEditor.Tests\Infrastructure\Services\HyperlinkReplacementServiceIntegrationTests.cs(329,41): error xUnit1011: There is no matching method parameter for value: "Fragment with ampersand". Remove unused value(s), or add more parameter(s). (https://xunit.net/xunit.analyzers/rules/xUnit1011) [C:\Users\DiaTech\Pictures\DiaTech\Programs\Bulk_Editor\BulkEditor.Tests\BulkEditor.Tests.csproj]
C:\Users\DiaTech\Pictures\DiaTech\Programs\Bulk_Editor\BulkEditor.Tests\Infrastructure\Services\HyperlinkReplacementServiceIntegrationTests.cs(330,39): error xUnit1011: There is no matching method parameter for value: "Fragment with quotes". Remove unused value(s), or add more parameter(s). (https://xunit.net/xunit.analyzers/rules/xUnit1011) [C:\Users\DiaTech\Pictures\DiaTech\Programs\Bulk_Editor\BulkEditor.Tests\BulkEditor.Tests.csproj]
C:\Users\DiaTech\Pictures\DiaTech\Programs\Bulk_Editor\BulkEditor.Tests\Infrastructure\Services\HyperlinkReplacementServiceIntegrationTests.cs(331,37): error xUnit1011: There is no matching method parameter for value: "Fragment with single quotes". Remove unused value(s), or add more parameter(s). (https://xunit.net/xunit.analyzers/rules/xUnit1011) [C:\Users\DiaTech\Pictures\DiaTech\Programs\Bulk_Editor\BulkEditor.Tests\BulkEditor.Tests.csproj]
    26 Warning(s)
    85 Error(s)

Time Elapsed 00:00:01.72
